// Bun Snapshot v1, https://bun.sh/docs/test/snapshots

exports[`model offer matches the reviewed snapshot for the pinned Pi SDK 1`] = `
"pi-ai 0.86.1
anthropic claude-fable-5 anthropic-messages ctx=1000000 max=128000 $=10/50/1/12.5 caps=text,image,reasoning levels=minimal,low,medium,high,xhigh,max temp=supported temp+reasoning=unsupported adaptive
anthropic claude-fable-5-1 anthropic-messages ctx=1000000 max=128000 $=10/50/0.25/12.5 caps=text,image,reasoning levels=minimal,low,medium,high,xhigh,max temp=unsupported adaptive featured
anthropic claude-haiku-4-5 anthropic-messages ctx=200000 max=64000 $=1/5/0.1/1.25 caps=text,image,reasoning levels=off,minimal,low,medium,high temp=supported temp+reasoning=unsupported
anthropic claude-haiku-4-5-20251001 anthropic-messages ctx=200000 max=64000 $=1/5/0.1/1.25 caps=text,image,reasoning levels=off,minimal,low,medium,high temp=supported temp+reasoning=unsupported
anthropic claude-opus-4-5 anthropic-messages ctx=200000 max=64000 $=5/25/0.5/6.25 caps=text,image,reasoning levels=off,minimal,low,medium,high temp=supported temp+reasoning=unsupported
anthropic claude-opus-4-5-20251101 anthropic-messages ctx=200000 max=64000 $=5/25/0.5/6.25 caps=text,image,reasoning levels=off,minimal,low,medium,high temp=supported temp+reasoning=unsupported
anthropic claude-opus-4-6 anthropic-messages ctx=1000000 max=128000 $=5/25/0.5/6.25 caps=text,image,reasoning levels=off,minimal,low,medium,high,max temp=supported temp+reasoning=unsupported adaptive
anthropic claude-opus-4-7 anthropic-messages ctx=1000000 max=128000 $=5/25/0.5/6.25 caps=text,image,reasoning levels=off,minimal,low,medium,high,xhigh,max temp=unsupported adaptive
anthropic claude-opus-4-8 anthropic-messages ctx=1000000 max=128000 $=5/25/0.5/6.25 caps=text,image,reasoning levels=off,minimal,low,medium,high,xhigh,max temp=unsupported adaptive
anthropic claude-opus-5 anthropic-messages ctx=1000000 max=128000 $=5/25/0.5/6.25 caps=text,image,reasoning levels=minimal,low,medium,high,xhigh,max temp=unsupported adaptive featured
anthropic claude-sonnet-4-5 anthropic-messages ctx=1000000 max=64000 $=3/15/0.3/3.75 caps=text,image,reasoning levels=off,minimal,low,medium,high temp=supported temp+reasoning=unsupported
anthropic claude-sonnet-4-5-20250929 anthropic-messages ctx=1000000 max=64000 $=3/15/0.3/3.75 caps=text,image,reasoning levels=off,minimal,low,medium,high temp=supported temp+reasoning=unsupported
anthropic claude-sonnet-4-6 anthropic-messages ctx=1000000 max=128000 $=3/15/0.3/3.75 caps=text,image,reasoning levels=off,minimal,low,medium,high,max temp=supported temp+reasoning=unsupported adaptive
anthropic claude-sonnet-5 anthropic-messages ctx=1000000 max=128000 $=2/10/0.2/2.5 caps=text,image,reasoning levels=off,minimal,low,medium,high,xhigh,max temp=supported temp+reasoning=unsupported adaptive featured
cerebras gpt-oss-120b openai-completions ctx=131072 max=40960 $=0.35/0.75/0/0 caps=text,reasoning levels=low,medium,high temp=supported temp+reasoning=supported featured
cerebras qwen-3.8-27b openai-completions ctx=65536 max=32768 $=0.99/1.49/0/0 caps=text,image,reasoning levels=off,low,medium,high temp=supported temp+reasoning=supported featured
deepseek deepseek-flash openai-completions ctx=1000000 max=384000 $=0.3/1.2/0.006/0 caps=text,image,reasoning levels=off,low,high,max temp=supported temp+reasoning=supported featured
deepseek deepseek-v4-pro openai-completions ctx=1000000 max=384000 $=1.32/3.96/0.044/0 caps=text,reasoning levels=off,high,max temp=supported temp+reasoning=supported featured
fireworks-ai accounts/fireworks/models/glm-5p2 openai-completions ctx=1048575 max=131072 $=1.4/4.4/0.14/0 caps=text,reasoning levels=off,high,max temp=supported temp+reasoning=supported
fireworks-ai accounts/fireworks/models/glm-5p3 openai-completions ctx=1048573 max=262144 $=1.4/4.4/0.26/0 caps=text,reasoning levels=low,high,max temp=supported temp+reasoning=supported
fireworks-ai accounts/fireworks/models/glm-5p3-flash openai-completions ctx=1048573 max=131072 $=0.15/0.5/0.03/0 caps=text,image,reasoning levels=low,high,max temp=supported temp+reasoning=supported featured
fireworks-ai accounts/fireworks/models/kimi-k3 openai-completions ctx=1048576 max=131072 $=3/15/0.3/0 caps=text,image,reasoning levels=low,high,max temp=supported temp+reasoning=supported featured
fireworks-ai accounts/fireworks/routers/glm-5p2-fast openai-completions ctx=1048575 max=131072 $=2.1/6.6/0.21/0 caps=text,reasoning levels=off,high,max temp=supported temp+reasoning=supported
fireworks-ai accounts/fireworks/routers/glm-5p3-fast openai-completions ctx=1048572 max=262144 $=2.1/6.6/0.39/0 caps=text,reasoning levels=low,high,max temp=supported temp+reasoning=supported featured
fireworks-ai accounts/fireworks/routers/glm-fast-latest openai-completions ctx=1048572 max=262144 $=2.1/6.6/0.39/0 caps=text,reasoning levels=low,high,max temp=supported temp+reasoning=supported
fireworks-ai accounts/fireworks/routers/glm-flash-latest openai-completions ctx=1048573 max=131072 $=0.15/0.5/0.03/0 caps=text,image,reasoning levels=low,high,max temp=supported temp+reasoning=supported
fireworks-ai accounts/fireworks/routers/glm-latest openai-completions ctx=1048573 max=262144 $=1.4/4.4/0.26/0 caps=text,reasoning levels=low,high,max temp=supported temp+reasoning=supported
fireworks-ai accounts/fireworks/routers/kimi-k3-fast openai-completions ctx=1048576 max=131072 $=4.5/22.5/0.45/0 caps=text,image,reasoning levels=low,high,max temp=supported temp+reasoning=supported
groq llama-3.1-8b-instant openai-completions ctx=131072 max=- $=0.05/0.08/0/0 caps=text levels=off temp=supported
groq llama-3.3-70b-versatile openai-completions ctx=131072 max=32768 $=0.59/0.79/0/0 caps=text levels=off temp=supported
groq openai/gpt-oss-120b openai-completions ctx=131072 max=65536 $=0.15/0.6/0.075/0 caps=text,reasoning levels=low,medium,high temp=supported temp+reasoning=supported
groq openai/gpt-oss-20b openai-completions ctx=131072 max=65536 $=0.075/0.3/0.0375/0 caps=text,reasoning levels=low,medium,high temp=supported temp+reasoning=supported
groq openai/gpt-oss-safeguard-20b openai-completions ctx=131072 max=65536 $=0.075/0.3/0/0 caps=text,reasoning levels=low,medium,high temp=supported temp+reasoning=supported featured
groq qwen/qwen3.6-27b openai-completions ctx=131072 max=16384 $=0.6/3/0.3/0 caps=text,image,reasoning levels=off,high temp=supported temp+reasoning=supported featured
groq qwen/qwen3.8-27b openai-completions ctx=131042 max=16384 $=0.8/4/0/0 caps=text,image,reasoning levels=off,low,medium,high temp=supported temp+reasoning=supported featured
mistral codestral-latest mistral-conversations ctx=256000 max=4096 $=0.3/0.9/0.03/0 caps=text levels=off temp=supported
mistral devstral-2512 mistral-conversations ctx=262144 max=- $=0.4/2/0.04/0 caps=text levels=off temp=supported
mistral devstral-latest mistral-conversations ctx=262144 max=- $=0.4/2/0.04/0 caps=text levels=off temp=supported
mistral devstral-medium-2507 mistral-conversations ctx=128000 max=- $=0.4/2/0.04/0 caps=text levels=off temp=supported
mistral devstral-medium-latest mistral-conversations ctx=262144 max=- $=0.4/2/0.04/0 caps=text levels=off temp=supported
mistral devstral-small-2505 mistral-conversations ctx=128000 max=- $=0.1/0.3/0.01/0 caps=text levels=off temp=supported
mistral devstral-small-2507 mistral-conversations ctx=128000 max=- $=0.1/0.3/0.01/0 caps=text levels=off temp=supported
mistral labs-devstral-small-2512 mistral-conversations ctx=256000 max=- $=unpriced caps=text,image levels=off temp=supported
mistral magistral-medium-latest mistral-conversations ctx=128000 max=16384 $=2/5/0.2/0 caps=text,reasoning levels=off,minimal,low,medium,high temp=supported temp+reasoning=supported
mistral magistral-small mistral-conversations ctx=128000 max=- $=0.5/1.5/0.05/0 caps=text,reasoning levels=off,minimal,low,medium,high temp=supported temp+reasoning=supported
mistral ministral-3b-latest mistral-conversations ctx=128000 max=- $=0.04/0.04/0.004/0 caps=text levels=off temp=supported
mistral ministral-8b-latest mistral-conversations ctx=128000 max=- $=0.1/0.1/0.01/0 caps=text levels=off temp=supported
mistral mistral-large-2411 mistral-conversations ctx=131072 max=16384 $=2/6/0.2/0 caps=text levels=off temp=supported
mistral mistral-large-2512 mistral-conversations ctx=262144 max=- $=0.5/1.5/0.05/0 caps=text,image levels=off temp=supported
mistral mistral-large-latest mistral-conversations ctx=262144 max=- $=0.5/1.5/0.05/0 caps=text,image levels=off temp=supported
mistral mistral-medium-2505 mistral-conversations ctx=131072 max=- $=0.4/2/0.04/0 caps=text,image levels=off temp=supported
mistral mistral-medium-2508 mistral-conversations ctx=262144 max=- $=0.4/2/0.04/0 caps=text,image levels=off temp=supported
mistral mistral-medium-2604 mistral-conversations ctx=262144 max=- $=1.5/7.5/0.15/0 caps=text,image,reasoning levels=off,minimal,low,medium,high temp=supported temp+reasoning=supported featured
mistral mistral-medium-3.5 mistral-conversations ctx=262144 max=- $=1.5/7.5/0/0 caps=text,image,reasoning levels=off,minimal,low,medium,high temp=supported temp+reasoning=supported
mistral mistral-medium-latest mistral-conversations ctx=262144 max=- $=1.5/7.5/0.15/0 caps=text,image,reasoning levels=off,minimal,low,medium,high temp=supported temp+reasoning=supported
mistral mistral-nemo mistral-conversations ctx=128000 max=- $=0.15/0.15/0.015/0 caps=text levels=off temp=supported
mistral mistral-small-2506 mistral-conversations ctx=128000 max=16384 $=0.1/0.3/0.01/0 caps=text,image levels=off temp=supported
mistral mistral-small-2603 mistral-conversations ctx=256000 max=- $=0.15/0.6/0.015/0 caps=text,image,reasoning levels=off,minimal,low,medium,high temp=supported temp+reasoning=supported
mistral mistral-small-latest mistral-conversations ctx=256000 max=- $=0.15/0.6/0.015/0 caps=text,image,reasoning levels=off,minimal,low,medium,high temp=supported temp+reasoning=supported
mistral open-mistral-7b mistral-conversations ctx=8000 max=- $=0.25/0.25/0.025/0 caps=text levels=off temp=supported
mistral open-mistral-nemo mistral-conversations ctx=128000 max=- $=0.15/0.15/0.015/0 caps=text levels=off temp=supported
mistral open-mixtral-8x22b mistral-conversations ctx=64000 max=- $=2/6/0.2/0 caps=text levels=off temp=supported
mistral open-mixtral-8x7b mistral-conversations ctx=32000 max=- $=0.7/0.7/0.07/0 caps=text levels=off temp=supported
mistral pixtral-12b mistral-conversations ctx=128000 max=- $=0.15/0.15/0.015/0 caps=text,image levels=off temp=supported
mistral pixtral-large-latest mistral-conversations ctx=128000 max=- $=2/6/0.2/0 caps=text,image levels=off temp=supported
mistral voxtral-small-latest mistral-conversations ctx=32000 max=- $=0.1/0.3/0.01/0 caps=text levels=off temp=supported
mistral zai-glm-5-2 mistral-conversations ctx=1000000 max=131072 $=1.4/4.4/0.14/0 caps=text,reasoning levels=off,minimal,low,medium,high temp=supported temp+reasoning=supported featured
mistral zai-glm-5-3 mistral-conversations ctx=1000000 max=131072 $=1.4/4.4/0.14/0 caps=text,reasoning levels=off,minimal,low,medium,high temp=supported temp+reasoning=supported featured
moonshot kimi-k2.6 openai-completions ctx=262144 max=- $=0.95/4/0.16/0 caps=text,image,reasoning levels=off,minimal,low,medium,high temp=supported temp+reasoning=supported featured
moonshot kimi-k2.7-code openai-completions ctx=262144 max=- $=0.95/4/0.19/0 caps=text,image,reasoning levels=minimal,low,medium,high temp=supported temp+reasoning=supported featured
moonshot kimi-k2.7-code-highspeed openai-completions ctx=262144 max=- $=1.9/8/0.38/0 caps=text,image,reasoning levels=minimal,low,medium,high temp=supported temp+reasoning=supported
moonshot kimi-k3 openai-completions ctx=1048576 max=131072 $=3/15/0.3/0 caps=text,image,reasoning levels=low,high,max temp=supported temp+reasoning=supported featured
openai gpt-4 openai-responses ctx=8192 max=- $=30/60/0/0 caps=text levels=off temp=supported
openai gpt-4-turbo openai-responses ctx=128000 max=4096 $=10/30/0/0 caps=text,image levels=off temp=supported
openai gpt-4.1 openai-responses ctx=1047576 max=32768 $=2/8/0.5/0 caps=text,image levels=off temp=supported
openai gpt-4.1-mini openai-responses ctx=1047576 max=32768 $=0.4/1.6/0.1/0 caps=text,image levels=off temp=supported
openai gpt-4.1-nano openai-responses ctx=1047576 max=32768 $=0.1/0.4/0.025/0 caps=text,image levels=off temp=supported
openai gpt-4o openai-responses ctx=128000 max=16384 $=2.5/10/1.25/0 caps=text,image levels=off temp=supported
openai gpt-4o-2024-05-13 openai-responses ctx=128000 max=4096 $=5/15/0/0 caps=text,image levels=off temp=supported
openai gpt-4o-2024-08-06 openai-responses ctx=128000 max=16384 $=2.5/10/1.25/0 caps=text,image levels=off temp=supported
openai gpt-4o-2024-11-20 openai-responses ctx=128000 max=16384 $=2.5/10/1.25/0 caps=text,image levels=off temp=supported
openai gpt-4o-mini openai-responses ctx=128000 max=16384 $=0.15/0.6/0.075/0 caps=text,image levels=off temp=supported
openai gpt-5 openai-responses ctx=400000 max=128000 $=1.25/10/0.125/0 caps=text,image,reasoning levels=minimal,low,medium,high temp=unsupported
openai gpt-5-chat-latest openai-responses ctx=128000 max=16384 $=1.25/10/0.125/0 caps=text,image levels=off temp=supported
openai gpt-5-mini openai-responses ctx=400000 max=128000 $=0.25/2/0.025/0 caps=text,image,reasoning levels=minimal,low,medium,high temp=unsupported
openai gpt-5-nano openai-responses ctx=400000 max=128000 $=0.05/0.4/0.005/0 caps=text,image,reasoning levels=minimal,low,medium,high temp=unsupported
openai gpt-5-pro openai-responses ctx=400000 max=128000 $=15/120/0/0 caps=text,image,reasoning levels=high temp=unsupported
openai gpt-5.1 openai-responses ctx=400000 max=128000 $=1.25/10/0.125/0 caps=text,image,reasoning levels=off,low,medium,high temp=unsupported
openai gpt-5.2 openai-responses ctx=400000 max=128000 $=1.75/14/0.175/0 caps=text,image,reasoning levels=off,low,medium,high,xhigh temp=unsupported
openai gpt-5.2-chat-latest openai-responses ctx=128000 max=16384 $=1.75/14/0.175/0 caps=text,image,reasoning levels=medium,xhigh temp=unsupported
openai gpt-5.2-pro openai-responses ctx=400000 max=128000 $=21/168/0/0 caps=text,image,reasoning levels=medium,high,xhigh temp=unsupported
openai gpt-5.3-chat-latest openai-responses ctx=128000 max=16384 $=1.75/14/0.175/0 caps=text,image levels=off temp=supported
openai gpt-5.3-codex openai-responses ctx=400000 max=128000 $=1.75/14/0.175/0 caps=text,image,reasoning levels=off,low,medium,high,xhigh temp=unsupported
openai gpt-5.3-codex-spark openai-responses ctx=128000 max=32000 $=1.75/14/0.175/0 caps=text,image,reasoning levels=low,medium,high,xhigh temp=unsupported
openai gpt-5.4 openai-responses ctx=272000 max=128000 $=2.5/15/0.25/0 >272000:5/22.5/0.5/0 caps=text,image,reasoning levels=off,low,medium,high,xhigh temp=unsupported
openai gpt-5.4-mini openai-responses ctx=400000 max=128000 $=0.75/4.5/0.075/0 caps=text,image,reasoning levels=off,low,medium,high,xhigh temp=unsupported
openai gpt-5.4-nano openai-responses ctx=400000 max=128000 $=0.2/1.25/0.02/0 caps=text,image,reasoning levels=off,low,medium,high,xhigh temp=unsupported
openai gpt-5.4-pro openai-responses ctx=1050000 max=128000 $=30/180/0/0 >272000:60/270/0/0 caps=text,image,reasoning levels=medium,high,xhigh temp=unsupported
openai gpt-5.5 openai-responses ctx=272000 max=128000 $=5/30/0.5/0 >272000:10/45/1/0 caps=text,image,reasoning levels=off,low,medium,high,xhigh temp=unsupported
openai gpt-5.5-pro openai-responses ctx=1050000 max=128000 $=30/180/0/0 >272000:60/270/0/0 caps=text,image,reasoning levels=medium,high,xhigh temp=unsupported
openai gpt-5.6-luna openai-responses ctx=272000 max=128000 $=0.2/1.2/0.02/0.25 >272000:0.4/1.8/0.04/0.5 caps=text,image,reasoning levels=off,low,medium,high,xhigh,max temp=unsupported featured
openai gpt-5.6-sol openai-responses ctx=272000 max=128000 $=4/20/0.4/5 >272000:8/30/0.8/10 caps=text,image,reasoning levels=off,low,medium,high,xhigh,max temp=unsupported featured
openai gpt-5.6-terra openai-responses ctx=272000 max=128000 $=2/12/0.2/2.5 >272000:4/18/0.4/5 caps=text,image,reasoning levels=off,low,medium,high,xhigh,max temp=unsupported
openai gpt-6-astra openai-responses ctx=272000 max=128000 $=10/50/1/12.5 >272000:20/75/2/25 caps=text,image,reasoning levels=low,medium,high,xhigh,max temp=unsupported featured
openai gpt-realtime-2.1 openai-responses ctx=128000 max=32000 $=4/24/0.4/0 caps=text,image,reasoning levels=minimal,low,medium,high,xhigh temp=unsupported
openai o1 openai-responses ctx=200000 max=100000 $=15/60/7.5/0 caps=text,image,reasoning levels=low,medium,high temp=unsupported
openai o1-pro openai-responses ctx=200000 max=100000 $=150/600/0/0 caps=text,image,reasoning levels=low,medium,high temp=unsupported
openai o3 openai-responses ctx=200000 max=100000 $=2/8/0.5/0 caps=text,image,reasoning levels=low,medium,high temp=unsupported
openai o3-mini openai-responses ctx=200000 max=100000 $=1.1/4.4/0.55/0 caps=text,reasoning levels=low,medium,high temp=unsupported
openai o3-pro openai-responses ctx=200000 max=100000 $=20/80/0/0 caps=text,image,reasoning levels=low,medium,high temp=unsupported
openai o4-mini openai-responses ctx=200000 max=100000 $=1.1/4.4/0.275/0 caps=text,image,reasoning levels=low,medium,high temp=unsupported
openrouter aion-labs/aion-2.0 openai-completions ctx=131072 max=32768 $=0.8/1.6/0.2/0 caps=text,reasoning levels=minimal,low,medium,high temp=supported temp+reasoning=supported
openrouter aion-labs/aion-3.0 openai-completions ctx=131072 max=32768 $=3/6/0.75/0 caps=text,reasoning levels=minimal,low,medium,high temp=supported temp+reasoning=supported
openrouter aion-labs/aion-3.0-mini openai-completions ctx=131072 max=32768 $=0.7/1.4/0.18/0 caps=text,reasoning levels=minimal,low,medium,high temp=supported temp+reasoning=supported
openrouter amazon/nova-2-lite-v1 openai-completions ctx=1000000 max=65535 $=0.3/2.5/0/0 caps=text,image,reasoning levels=off,minimal,low,medium,high temp=supported temp+reasoning=supported
openrouter amazon/nova-lite-v1 openai-completions ctx=300000 max=5120 $=0.06/0.24/0/0 caps=text,image levels=off temp=supported
openrouter amazon/nova-micro-v1 openai-completions ctx=128000 max=5120 $=0.035/0.14/0/0 caps=text levels=off temp=supported
openrouter amazon/nova-premier-v1 openai-completions ctx=1000000 max=32000 $=2.5/12.5/0.625/0 caps=text,image levels=off temp=supported
openrouter amazon/nova-pro-v1 openai-completions ctx=300000 max=5120 $=0.8/3.2/0/0 caps=text,image levels=off temp=supported
openrouter anthropic/claude-fable-5.1:batch openai-completions ctx=1000000 max=128000 $=5/25/0.125/6.25 caps=text,image,reasoning levels=low,medium,high,xhigh,max temp=supported temp+reasoning=supported
openrouter anthropic/claude-fable-5:batch openai-completions ctx=1000000 max=128000 $=5/25/0.5/6.25 caps=text,image,reasoning levels=low,medium,high,xhigh,max temp=supported temp+reasoning=supported
openrouter anthropic/claude-haiku-4.5:batch openai-completions ctx=200000 max=64000 $=0.5/2.5/0.05/0.625 caps=text,image,reasoning levels=off,minimal,low,medium,high temp=supported temp+reasoning=supported
openrouter anthropic/claude-opus-4.1:batch openai-completions ctx=200000 max=32000 $=7.5/37.5/0.75/9.375 caps=text,image,reasoning levels=off,minimal,low,medium,high temp=supported temp+reasoning=supported
openrouter anthropic/claude-opus-4.5:batch openai-completions ctx=200000 max=64000 $=2.5/12.5/0.25/3.125 caps=text,image,reasoning levels=off,minimal,low,medium,high temp=supported temp+reasoning=supported
openrouter anthropic/claude-opus-4.6:batch openai-completions ctx=1000000 max=128000 $=2.5/12.5/0.25/3.125 caps=text,image,reasoning levels=off,low,medium,high,max temp=supported temp+reasoning=supported
openrouter anthropic/claude-opus-4.7:batch openai-completions ctx=1000000 max=128000 $=2.5/12.5/0.25/3.125 caps=text,image,reasoning levels=off,low,medium,high,xhigh,max temp=supported temp+reasoning=supported
openrouter anthropic/claude-opus-4.8:batch openai-completions ctx=1000000 max=128000 $=2.5/12.5/0.25/3.125 caps=text,image,reasoning levels=off,low,medium,high,xhigh,max temp=supported temp+reasoning=supported
openrouter anthropic/claude-opus-5:batch openai-completions ctx=1000000 max=128000 $=2.5/12.5/0.25/3.125 caps=text,image,reasoning levels=off,low,medium,high,xhigh,max temp=supported temp+reasoning=supported
openrouter anthropic/claude-sonnet-4.5:batch openai-completions ctx=1000000 max=64000 $=1.5/7.5/0.15/1.875 caps=text,image,reasoning levels=off,minimal,low,medium,high temp=supported temp+reasoning=supported
openrouter anthropic/claude-sonnet-4.6:batch openai-completions ctx=1000000 max=128000 $=1.5/7.5/0.15/1.875 caps=text,image,reasoning levels=off,low,medium,high,max temp=supported temp+reasoning=supported
openrouter anthropic/claude-sonnet-5:batch openai-completions ctx=1000000 max=128000 $=1/5/0.1/1.25 caps=text,image,reasoning levels=off,low,medium,high,xhigh,max temp=supported temp+reasoning=supported
openrouter arcee-ai/trinity-large-thinking openai-completions ctx=262144 max=80000 $=0.25/0.8/0.06/0 caps=text,reasoning levels=minimal,low,medium,high temp=supported temp+reasoning=supported
openrouter auto openai-completions ctx=2000000 max=30000 $=unpriced caps=text,image,reasoning levels=off,minimal,low,medium,high temp=supported temp+reasoning=supported
openrouter bytedance-seed/seed-1.6 openai-completions ctx=262144 max=32768 $=0.25/2/0/0 caps=text,image,reasoning levels=off,minimal,low,medium,high temp=supported temp+reasoning=supported
openrouter bytedance-seed/seed-1.6-flash openai-completions ctx=262144 max=32768 $=0.075/0.3/0/0 caps=text,image,reasoning levels=off,minimal,low,medium,high temp=supported temp+reasoning=supported
openrouter bytedance-seed/seed-2-1-turbo openai-completions ctx=262144 max=235929 $=0.5/2.5/0/0 caps=text,image,reasoning levels=off,minimal,low,medium,high temp=supported temp+reasoning=supported
openrouter bytedance-seed/seed-2.0-code openai-completions ctx=262144 max=131072 $=0.5/3/0/0 caps=text,image,reasoning levels=off,low,medium,high temp=supported temp+reasoning=supported
openrouter bytedance-seed/seed-2.0-lite openai-completions ctx=262144 max=131072 $=0.25/2/0/0 caps=text,image,reasoning levels=off,minimal,low,medium,high temp=supported temp+reasoning=supported
openrouter bytedance-seed/seed-2.0-mini openai-completions ctx=262144 max=131072 $=0.1/0.4/0/0 caps=text,image,reasoning levels=off,minimal,low,medium,high temp=supported temp+reasoning=supported
openrouter cohere/command-r-08-2024 openai-completions ctx=128000 max=4000 $=0.15/0.6/0/0 caps=text levels=off temp=supported
openrouter cohere/command-r-plus-08-2024 openai-completions ctx=128000 max=4000 $=2.5/10/0/0 caps=text levels=off temp=supported
openrouter cohere/north-mini-code:free openai-completions ctx=256000 max=64000 $=0/0/0/0 caps=text,reasoning levels=off,minimal,low,medium,high temp=supported temp+reasoning=supported
openrouter deepseek/deepseek-chat openai-completions ctx=163840 max=16384 $=0.32/0.89/0/0 caps=text levels=off temp=supported
openrouter deepseek/deepseek-chat-v3-0324 openai-completions ctx=163840 max=147456 $=0.25/1/0/0 caps=text levels=off temp=supported
openrouter deepseek/deepseek-chat-v3.1 openai-completions ctx=163840 max=32768 $=0.25/0.95/0.13/0 caps=text,reasoning levels=off,minimal,low,medium,high temp=supported temp+reasoning=supported
openrouter deepseek/deepseek-r1 openai-completions ctx=64000 max=16000 $=0.7/2.5/0/0 caps=text,reasoning levels=minimal,low,medium,high temp=supported temp+reasoning=supported
openrouter deepseek/deepseek-r1-0528 openai-completions ctx=163840 max=32768 $=0.5/2.15/0.35/0 caps=text,reasoning levels=minimal,low,medium,high temp=supported temp+reasoning=supported
openrouter deepseek/deepseek-v3.1-terminus openai-completions ctx=131072 max=32768 $=0.27/1/0.135/0 caps=text,reasoning levels=off,minimal,low,medium,high temp=supported temp+reasoning=supported
openrouter deepseek/deepseek-v3.2 openai-completions ctx=163840 max=65536 $=0.269/0.4/0.1345/0 caps=text,reasoning levels=off,minimal,low,medium,high temp=supported temp+reasoning=supported
openrouter deepseek/deepseek-v3.2-exp openai-completions ctx=163840 max=65536 $=0.27/0.41/0/0 caps=text,reasoning levels=off,minimal,low,medium,high temp=supported temp+reasoning=supported
openrouter deepseek/deepseek-v4-flash openai-completions ctx=1024000 max=384000 $=0.0364/0.0728/0.00728/0 caps=text,reasoning levels=off,high,xhigh temp=supported temp+reasoning=supported
openrouter deepseek/deepseek-v4-flash-0731 openai-completions ctx=1048576 max=943718 $=0.04/0.08/0.016/0 caps=text,reasoning levels=off,low,high,max temp=supported temp+reasoning=supported
openrouter deepseek/deepseek-v4-flash-0731:batch openai-completions ctx=1048576 max=943718 $=0.11/0.33/0.0035/0 caps=text,reasoning levels=off,low,high,max temp=supported temp+reasoning=supported
openrouter deepseek/deepseek-v4-flash-vision-exp openai-completions ctx=1048576 max=262144 $=0.2156/0.6468/0.00686/0 caps=text,image,reasoning levels=off,low,high,max temp=supported temp+reasoning=supported
openrouter deepseek/deepseek-v4-flash-vision-exp:batch openai-completions ctx=1048576 max=943718 $=0.11/0.33/0.0035/0 caps=text,image,reasoning levels=off,low,high,max temp=supported temp+reasoning=supported
openrouter deepseek/deepseek-v4-pro openai-completions ctx=1024000 max=384000 $=0.422298/0.844596/0.035192/0 caps=text,reasoning levels=off,high,xhigh temp=supported temp+reasoning=supported
openrouter deepseek/deepseek-v4-pro-0813 openai-completions ctx=1048576 max=384000 $=0.66/1.98/0.022/0 caps=text,reasoning levels=off,low,high,max temp=supported temp+reasoning=supported
openrouter deepseek/deepseek-v4-pro-0813:batch openai-completions ctx=1048576 max=943718 $=0.66/1.98/0.022/0 caps=text,reasoning levels=off,low,high,max temp=supported temp+reasoning=supported
openrouter deepseek/deepseek-v4.1-flash openai-completions ctx=1048576 max=384000 $=0.15/0.6/0.003/0 caps=text,image,reasoning levels=off,low,high,max temp=supported temp+reasoning=supported
openrouter dots-studio/dots-3-note-preview:free openai-completions ctx=512000 max=460800 $=0/0/0/0 caps=text,image,reasoning levels=off,minimal,low,medium,high temp=supported temp+reasoning=supported
openrouter google/gemini-2.5-flash openai-completions ctx=1048576 max=65535 $=0.3/2.5/0.03/0.083333 caps=text,image,reasoning levels=off,minimal,low,medium,high temp=supported temp+reasoning=supported
openrouter google/gemini-2.5-flash-lite openai-completions ctx=1048576 max=65535 $=0.1/0.4/0.01/0.083333 caps=text,image,reasoning levels=off,minimal,low,medium,high temp=supported temp+reasoning=supported
openrouter google/gemini-2.5-flash-lite:batch openai-completions ctx=1048576 max=65535 $=0.05/0.2/0.01/0 caps=text,image,reasoning levels=off,minimal,low,medium,high temp=supported temp+reasoning=supported
openrouter google/gemini-2.5-flash:batch openai-completions ctx=1048576 max=65535 $=0.15/1.25/0.03/0 caps=text,image,reasoning levels=off,minimal,low,medium,high temp=supported temp+reasoning=supported
openrouter google/gemini-2.5-pro openai-completions ctx=1048576 max=65536 $=1.25/10/0.125/0.375 caps=text,image,reasoning levels=minimal,low,medium,high temp=supported temp+reasoning=supported
openrouter google/gemini-2.5-pro-preview openai-completions ctx=1048576 max=65536 $=1.25/10/0.125/0.375 caps=text,image,reasoning levels=minimal,low,medium,high temp=supported temp+reasoning=supported
openrouter google/gemini-2.5-pro:batch openai-completions ctx=1048576 max=65536 $=0.625/5/0.125/0 caps=text,image,reasoning levels=minimal,low,medium,high temp=supported temp+reasoning=supported
openrouter google/gemini-3-flash-preview openai-completions ctx=1048576 max=65536 $=0.5/3/0.05/0.083333 caps=text,image,reasoning levels=off,minimal,low,medium,high temp=supported temp+reasoning=supported
openrouter google/gemini-3-flash-preview:batch openai-completions ctx=1048576 max=65536 $=0.25/1.5/0/0 caps=text,image,reasoning levels=off,minimal,low,medium,high temp=supported temp+reasoning=supported
openrouter google/gemini-3-pro-image openai-completions ctx=65536 max=32768 $=2/12/0.2/0.375 caps=text,image,reasoning levels=minimal,low,medium,high temp=supported temp+reasoning=supported
openrouter google/gemini-3.1-flash-lite openai-completions ctx=1048576 max=65536 $=0.25/1.5/0.025/0.083333 caps=text,image,reasoning levels=off,minimal,low,medium,high temp=supported temp+reasoning=supported
openrouter google/gemini-3.1-flash-lite-preview openai-completions ctx=1048576 max=65536 $=0.25/1.5/0.025/0.083333 caps=text,image,reasoning levels=off,minimal,low,medium,high temp=supported temp+reasoning=supported
openrouter google/gemini-3.1-flash-lite:batch openai-completions ctx=1048576 max=65536 $=0.125/0.75/0.0125/0 caps=text,image,reasoning levels=off,minimal,low,medium,high temp=supported temp+reasoning=supported
openrouter google/gemini-3.1-pro-preview openai-completions ctx=1048576 max=65536 $=2/12/0.2/0.375 caps=text,image,reasoning levels=low,medium,high temp=supported temp+reasoning=supported
openrouter google/gemini-3.1-pro-preview-customtools openai-completions ctx=1048576 max=65536 $=2/12/0.2/0.375 caps=text,image,reasoning levels=low,medium,high temp=supported temp+reasoning=supported
openrouter google/gemini-3.1-pro-preview:batch openai-completions ctx=1048576 max=65536 $=1/6/0/0 caps=text,image,reasoning levels=low,medium,high temp=supported temp+reasoning=supported
openrouter google/gemini-3.5-flash openai-completions ctx=1048576 max=65536 $=1.5/9/0.15/0.083333 caps=text,image,reasoning levels=minimal,low,medium,high temp=supported temp+reasoning=supported
openrouter google/gemini-3.5-flash-lite openai-completions ctx=1048576 max=65536 $=0.3/2.5/0.03/0.083333 caps=text,image,reasoning levels=minimal,low,medium,high temp=supported temp+reasoning=supported
openrouter google/gemini-3.5-flash-lite:batch openai-completions ctx=1048576 max=65536 $=0.15/1.25/0.015/0 caps=text,image,reasoning levels=minimal,low,medium,high temp=supported temp+reasoning=supported
openrouter google/gemini-3.5-flash:batch openai-completions ctx=1048576 max=65536 $=0.75/4.5/0.075/0 caps=text,image,reasoning levels=minimal,low,medium,high temp=supported temp+reasoning=supported
openrouter google/gemini-3.6-flash openai-completions ctx=1048576 max=65536 $=0.75/3.75/0.075/0.041667 caps=text,image,reasoning levels=minimal,low,medium,high temp=supported temp+reasoning=supported
openrouter google/gemini-3.6-flash:batch openai-completions ctx=1048576 max=65536 $=0.375/1.875/0.0375/0.041667 caps=text,image,reasoning levels=minimal,low,medium,high temp=supported temp+reasoning=supported
openrouter google/gemini-3.7-flash openai-completions ctx=1048576 max=65536 $=0.75/3.75/0.075/0.041667 caps=text,image,reasoning levels=low,medium,high temp=supported temp+reasoning=supported
openrouter google/gemini-3.7-flash:batch openai-completions ctx=1048576 max=65536 $=0.375/1.875/0.0375/0.041667 caps=text,image,reasoning levels=low,medium,high temp=supported temp+reasoning=supported
openrouter google/gemini-3.8-flash openai-completions ctx=1048576 max=65536 $=0.75/3.75/0.075/0.041667 caps=text,image,reasoning levels=low,medium,high temp=supported temp+reasoning=supported
openrouter google/gemini-3.8-flash:batch openai-completions ctx=1048576 max=65536 $=0.375/1.875/0.0375/0.041667 caps=text,image,reasoning levels=low,medium,high temp=supported temp+reasoning=supported
openrouter google/gemma-3-12b-it openai-completions ctx=131072 max=16384 $=0.05/0.15/0/0 caps=text,image levels=off temp=supported
openrouter google/gemma-3-27b-it openai-completions ctx=131072 max=117964 $=0.08/0.45/0.04/0 caps=text,image levels=off temp=supported
openrouter google/gemma-4-26b-a4b-it openai-completions ctx=262144 max=235929 $=0.09/0.3/0.05/0 caps=text,image,reasoning levels=off,minimal,low,medium,high temp=supported temp+reasoning=supported
openrouter google/gemma-4-26b-a4b-it:free openai-completions ctx=262144 max=32768 $=0/0/0/0 caps=text,image,reasoning levels=off,minimal,low,medium,high temp=supported temp+reasoning=supported
openrouter google/gemma-4-31b-it openai-completions ctx=262144 max=16384 $=0.09/0.34/0.05/0 caps=text,image,reasoning levels=off,minimal,low,medium,high temp=supported temp+reasoning=supported
openrouter google/gemma-4-31b-it:free openai-completions ctx=262144 max=32768 $=0/0/0/0 caps=text,image,reasoning levels=off,minimal,low,medium,high temp=supported temp+reasoning=supported
openrouter ibm-granite/granite-4.2-8b openai-completions ctx=131072 max=117964 $=0.06/0.25/0.015/0 caps=text,reasoning levels=off,low,high temp=supported temp+reasoning=supported
openrouter inception/mercury-2 openai-completions ctx=128000 max=50000 $=0.25/0.75/0.025/0 caps=text,reasoning levels=low,medium,high temp=supported temp+reasoning=supported
openrouter inception/mercury-2.5 openai-completions ctx=260000 max=65536 $=0.04/0.15/0.004/0 caps=text,reasoning levels=low,medium,high temp=supported temp+reasoning=supported
openrouter inclusionai/ling-3.0-flash openai-completions ctx=262144 max=32768 $=0.021/0.063/0.0042/0 caps=text,reasoning levels=off,minimal,low,medium,high temp=supported temp+reasoning=supported
openrouter inclusionai/ling-3.0-flash-fin openai-completions ctx=262144 max=235929 $=0.06/0.18/0.012/0 caps=text,reasoning levels=off,minimal,low,medium,high temp=supported temp+reasoning=supported
openrouter inclusionai/ling-3.0-flash-fin:free openai-completions ctx=262144 max=32768 $=0/0/0/0 caps=text,reasoning levels=off,minimal,low,medium,high temp=supported temp+reasoning=supported
openrouter inclusionai/ling-3.0-flash-sante:free openai-completions ctx=262144 max=32768 $=0/0/0/0 caps=text,reasoning levels=off,minimal,low,medium,high temp=supported temp+reasoning=supported
openrouter inclusionai/ling-3.0-flash-vl openai-completions ctx=131072 max=32768 $=0.06/0.18/0.012/0 caps=text,image,reasoning levels=off,minimal,low,medium,high temp=supported temp+reasoning=supported
openrouter inclusionai/ling-3.0-flash-vl:free openai-completions ctx=262144 max=32768 $=0/0/0/0 caps=text,image,reasoning levels=off,minimal,low,medium,high temp=supported temp+reasoning=supported
openrouter kwaipilot/kat-coder-pro-v2 openai-completions ctx=262144 max=144000 $=0.3/1.2/0.06/0 caps=text levels=off temp=supported
openrouter kwaipilot/kat-coder-pro-v2.5 openai-completions ctx=262144 max=235929 $=0.74/2.96/0.15/0 caps=text levels=off temp=supported
openrouter liquid/lfm-2.5-2.6b:free openai-completions ctx=65536 max=8192 $=0/0/0/0 caps=text,reasoning levels=minimal,low,medium,high temp=supported temp+reasoning=supported
openrouter meituan/longcat-2.0 openai-completions ctx=1048756 max=262144 $=0.3/1.2/0.006/0 caps=text,reasoning levels=off,minimal,low,medium,high temp=supported temp+reasoning=supported
openrouter meta-llama/llama-3.1-70b-instruct openai-completions ctx=131072 max=16384 $=0.4/0.4/0/0 caps=text levels=off temp=supported
openrouter meta-llama/llama-3.1-8b-instruct openai-completions ctx=131072 max=117964 $=0.05/0.08/0.025/0 caps=text levels=off temp=supported
openrouter meta-llama/llama-3.3-70b-instruct openai-completions ctx=131072 max=16384 $=0.1/0.32/0/0 caps=text levels=off temp=supported
openrouter meta-llama/llama-4-maverick openai-completions ctx=128000 max=16384 $=0.1875/0.6525/0/0 caps=text,image levels=off temp=supported
openrouter meta-llama/llama-4-scout openai-completions ctx=327680 max=16384 $=0.1/0.3/0/0 caps=text,image levels=off temp=supported
openrouter meta/muse-glimmer-30b openai-completions ctx=131072 max=16384 $=0.3/1.2/0.04/0 caps=text,image,reasoning levels=low,medium,high,xhigh temp=supported temp+reasoning=supported
openrouter meta/muse-glimmer-30b:batch openai-completions ctx=131072 max=117964 $=0.175/0.75/0.02/0 caps=text,image,reasoning levels=low,medium,high,xhigh temp=supported temp+reasoning=supported
openrouter meta/muse-spark-1.1 openai-completions ctx=1048576 max=943718 $=1.25/4.25/0.15/0 caps=text,image,reasoning levels=minimal,low,medium,high,xhigh temp=supported temp+reasoning=supported
openrouter meta/muse-spark-1.2 openai-completions ctx=1048576 max=943718 $=1.25/4.25/0.15/0 caps=text,image,reasoning levels=minimal,low,medium,high,xhigh temp=supported temp+reasoning=supported
openrouter meta/muse-spark-1.2-contributor openai-completions ctx=1048576 max=943718 $=0.1/0.2/0.002/0 caps=text,image,reasoning levels=minimal,low,medium,high,xhigh temp=supported temp+reasoning=supported
openrouter meta/muse-spark-1.3 openai-completions ctx=1048576 max=943718 $=1.25/4.25/0.15/0 caps=text,image,reasoning levels=minimal,low,medium,high,xhigh,max temp=supported temp+reasoning=supported
openrouter meta/muse-spark-1.3-contributor openai-completions ctx=1048576 max=943718 $=0.1/0.2/0.002/0 caps=text,image,reasoning levels=minimal,low,medium,high,xhigh,max temp=supported temp+reasoning=supported
openrouter minimax/minimax-m1 openai-completions ctx=1000000 max=40000 $=0.4/2.2/0/0 caps=text,reasoning levels=off,minimal,low,medium,high temp=supported temp+reasoning=supported
openrouter minimax/minimax-m2 openai-completions ctx=204800 max=131072 $=0.255/1.02/0/0 caps=text,reasoning levels=minimal,low,medium,high temp=supported temp+reasoning=supported
openrouter minimax/minimax-m2.1 openai-completions ctx=204800 max=131072 $=0.3/1.2/0.03/0 caps=text,reasoning levels=minimal,low,medium,high temp=supported temp+reasoning=supported
openrouter minimax/minimax-m2.5 openai-completions ctx=200000 max=128000 $=0.27/1.08/0.027/0 caps=text,reasoning levels=minimal,low,medium,high temp=supported temp+reasoning=supported
openrouter minimax/minimax-m2.7 openai-completions ctx=204800 max=131072 $=0.3/1.2/0.06/0 caps=text,reasoning levels=minimal,low,medium,high temp=supported temp+reasoning=supported
openrouter minimax/minimax-m3 openai-completions ctx=524288 max=512000 $=0.3/1.2/0.06/0 caps=text,image,reasoning levels=off,minimal,low,medium,high temp=supported temp+reasoning=supported
openrouter minimax/minimax-m3:batch openai-completions ctx=524288 max=471859 $=0.3/1.2/0.06/0 caps=text,image,reasoning levels=off,minimal,low,medium,high temp=supported temp+reasoning=supported
openrouter mistralai/codestral-2508 openai-completions ctx=256000 max=204800 $=0.3/0.9/0.03/0 caps=text levels=off temp=supported
openrouter mistralai/codestral-2508:batch openai-completions ctx=256000 max=204800 $=0.15/0.45/0.015/0 caps=text levels=off temp=supported
openrouter mistralai/devstral-2512 openai-completions ctx=262144 max=209715 $=0.4/2/0.04/0 caps=text levels=off temp=supported
openrouter mistralai/ministral-14b-2512 openai-completions ctx=262144 max=209715 $=0.2/0.2/0.02/0 caps=text,image levels=off temp=supported
openrouter mistralai/ministral-3b-2512 openai-completions ctx=131072 max=104857 $=0.1/0.1/0.01/0 caps=text,image levels=off temp=supported
openrouter mistralai/ministral-8b-2512 openai-completions ctx=262144 max=209715 $=0.15/0.15/0.015/0 caps=text,image levels=off temp=supported
openrouter mistralai/ministral-8b-2512:batch openai-completions ctx=262144 max=209715 $=0.075/0.075/0.0075/0 caps=text,image levels=off temp=supported
openrouter mistralai/mistral-large openai-completions ctx=128000 max=102400 $=2/6/0.2/0 caps=text levels=off temp=supported
openrouter mistralai/mistral-large-2407 openai-completions ctx=131072 max=104857 $=2/6/0.2/0 caps=text levels=off temp=supported
openrouter mistralai/mistral-large-2512:batch openai-completions ctx=262144 max=209715 $=0.25/0.75/0.025/0 caps=text,image levels=off temp=supported
openrouter mistralai/mistral-medium-3 openai-completions ctx=131072 max=104857 $=0.4/2/0.04/0 caps=text,image levels=off temp=supported
openrouter mistralai/mistral-medium-3-5 openai-completions ctx=262144 max=209715 $=1.5/7.5/0/0 caps=text,image,reasoning levels=off,high temp=supported temp+reasoning=supported
openrouter mistralai/mistral-medium-3-5:batch openai-completions ctx=262144 max=209715 $=0.75/3.75/0/0 caps=text,image,reasoning levels=off,high temp=supported temp+reasoning=supported
openrouter mistralai/mistral-medium-3.1 openai-completions ctx=131072 max=104857 $=0.4/2/0.04/0 caps=text,image levels=off temp=supported
openrouter mistralai/mistral-medium-3.1:batch openai-completions ctx=131072 max=104857 $=0.2/1/0.02/0 caps=text,image levels=off temp=supported
openrouter mistralai/mistral-nemo openai-completions ctx=131072 max=16384 $=0.019/0.03/0/0 caps=text levels=off temp=supported
openrouter mistralai/mistral-saba openai-completions ctx=32768 max=26214 $=0.2/0.6/0.02/0 caps=text levels=off temp=supported
openrouter mistralai/mistral-small-2603 openai-completions ctx=262144 max=209715 $=0.15/0.6/0.015/0 caps=text,image,reasoning levels=off,high temp=supported temp+reasoning=supported
openrouter mistralai/mistral-small-2603:batch openai-completions ctx=262144 max=209715 $=0.075/0.3/0.0075/0 caps=text,image,reasoning levels=off,high temp=supported temp+reasoning=supported
openrouter mistralai/mistral-small-3.1-24b-instruct openai-completions ctx=128000 max=102400 $=0.351/0.555/0/0 caps=text,image levels=off temp=supported
openrouter mistralai/mistral-small-3.2-24b-instruct openai-completions ctx=256000 max=16384 $=0.09375/0.25/0/0 caps=text,image levels=off temp=supported
openrouter mistralai/mixtral-8x22b-instruct openai-completions ctx=65536 max=52428 $=2/6/0.2/0 caps=text levels=off temp=supported
openrouter mistralai/voxtral-small-24b-2507 openai-completions ctx=32768 max=26214 $=0.1/0.3/0.01/0 caps=text levels=off temp=supported
openrouter moonshotai/kimi-k2 openai-completions ctx=131072 max=98304 $=0.57/2.3/0/0 caps=text levels=off temp=supported
openrouter moonshotai/kimi-k2-0905 openai-completions ctx=262144 max=98304 $=0.6/2.5/0/0 caps=text levels=off temp=supported
openrouter moonshotai/kimi-k2-thinking openai-completions ctx=262144 max=98304 $=0.6/2.5/0.15/0 caps=text,reasoning levels=minimal,low,medium,high temp=supported temp+reasoning=supported
openrouter moonshotai/kimi-k2.5 openai-completions ctx=262144 max=4096 $=0.41/2.06/0.07/0 caps=text,image,reasoning levels=off,minimal,low,medium,high temp=supported temp+reasoning=supported
openrouter moonshotai/kimi-k2.6 openai-completions ctx=262144 max=235929 $=0.95/4/0.16/0 caps=text,image,reasoning levels=off,minimal,low,medium,high temp=supported temp+reasoning=supported
openrouter moonshotai/kimi-k2.7-code openai-completions ctx=262144 max=235929 $=0.7062/3.21/0.18/0 caps=text,image,reasoning levels=minimal,low,medium,high temp=supported temp+reasoning=supported
openrouter moonshotai/kimi-k3 openai-completions ctx=1048576 max=131072 $=1.7/8.5/0.17/0 caps=text,image,reasoning levels=off,low,high,max temp=supported temp+reasoning=supported
openrouter moonshotai/kimi-k3:batch openai-completions ctx=1048576 max=943718 $=3/15/0.3/0 caps=text,image,reasoning levels=off,low,high,max temp=supported temp+reasoning=supported
openrouter nex-agi/nex-n2.5-mini:free openai-completions ctx=262144 max=235929 $=0/0/0/0 caps=text,image,reasoning levels=off,medium,high temp=supported temp+reasoning=supported
openrouter nex-agi/nex-n2.5-pro:free openai-completions ctx=262144 max=235929 $=0/0/0/0 caps=text,image,reasoning levels=off,medium,high temp=supported temp+reasoning=supported
openrouter nvidia/nemotron-3-nano-30b-a3b openai-completions ctx=262144 max=235929 $=0.06/0.24/0/0 caps=text,reasoning levels=off,minimal,low,medium,high temp=supported temp+reasoning=supported
openrouter nvidia/nemotron-3-nano-omni-30b-a3b-reasoning:free openai-completions ctx=256000 max=65536 $=0/0/0/0 caps=text,image,reasoning levels=off,minimal,low,medium,high temp=supported temp+reasoning=supported
openrouter nvidia/nemotron-3-super-120b-a12b openai-completions ctx=262144 max=235929 $=0.08/0.45/0/0 caps=text,reasoning levels=off,low,medium temp=supported temp+reasoning=supported
openrouter nvidia/nemotron-3-super-120b-a12b:free openai-completions ctx=262144 max=235929 $=0/0/0/0 caps=text,reasoning levels=off,low,medium temp=supported temp+reasoning=supported
openrouter nvidia/nemotron-3-ultra-550b-a55b openai-completions ctx=202800 max=182520 $=0.6/2.4/0.12/0 caps=text,reasoning levels=off,medium,high temp=supported temp+reasoning=supported
openrouter nvidia/nemotron-3-ultra-550b-a55b:free openai-completions ctx=1000000 max=65536 $=0/0/0/0 caps=text,reasoning levels=off,medium,high temp=supported temp+reasoning=supported
openrouter nvidia/nemotron-3.5-lightning openai-completions ctx=262144 max=235929 $=0.07/0.2/0.04/0 caps=text,reasoning levels=off,minimal,low,medium,high temp=supported temp+reasoning=supported
openrouter nvidia/nemotron-3.5-lightning:free openai-completions ctx=1000000 max=65536 $=0/0/0/0 caps=text,reasoning levels=off,minimal,low,medium,high temp=supported temp+reasoning=supported
openrouter openai/gpt-3.5-turbo openai-completions ctx=16385 max=4096 $=0.5/1.5/0/0 caps=text levels=off temp=supported
openrouter openai/gpt-3.5-turbo-0613 openai-completions ctx=4095 max=3685 $=1/2/0/0 caps=text levels=off temp=supported
openrouter openai/gpt-3.5-turbo-16k openai-completions ctx=16385 max=4096 $=3/4/0/0 caps=text levels=off temp=supported
openrouter openai/gpt-3.5-turbo:batch openai-completions ctx=16385 max=4096 $=0.25/0.75/0/0 caps=text levels=off temp=supported
openrouter openai/gpt-4 openai-completions ctx=8191 max=4096 $=30/60/0/0 caps=text levels=off temp=supported
openrouter openai/gpt-4-turbo openai-completions ctx=128000 max=4096 $=10/30/0/0 caps=text,image levels=off temp=supported
openrouter openai/gpt-4-turbo:batch openai-completions ctx=128000 max=4096 $=5/15/0/0 caps=text,image levels=off temp=supported
openrouter openai/gpt-4.1 openai-completions ctx=1047576 max=32768 $=2/8/0.5/0 caps=text,image levels=off temp=supported
openrouter openai/gpt-4.1-mini openai-completions ctx=1047576 max=32768 $=0.4/1.6/0.1/0 caps=text,image levels=off temp=supported
openrouter openai/gpt-4.1-mini:batch openai-completions ctx=1047576 max=32768 $=0.2/0.8/0.05/0 caps=text,image levels=off temp=supported
openrouter openai/gpt-4.1-nano openai-completions ctx=1047576 max=32768 $=0.1/0.4/0.025/0 caps=text,image levels=off temp=supported
openrouter openai/gpt-4.1-nano:batch openai-completions ctx=1047576 max=32768 $=0.05/0.2/0.0125/0 caps=text,image levels=off temp=supported
openrouter openai/gpt-4.1:batch openai-completions ctx=1047576 max=32768 $=1/4/0.25/0 caps=text,image levels=off temp=supported
openrouter openai/gpt-4o openai-completions ctx=128000 max=16384 $=2.5/10/1.25/0 caps=text,image levels=off temp=supported
openrouter openai/gpt-4o-2024-05-13 openai-completions ctx=128000 max=4096 $=5/15/0/0 caps=text,image levels=off temp=supported
openrouter openai/gpt-4o-2024-08-06 openai-completions ctx=128000 max=16384 $=2.5/10/1.25/0 caps=text,image levels=off temp=supported
openrouter openai/gpt-4o-2024-11-20 openai-completions ctx=128000 max=16384 $=2.5/10/1.25/0 caps=text,image levels=off temp=supported
openrouter openai/gpt-4o-mini openai-completions ctx=128000 max=16384 $=0.15/0.6/0.075/0 caps=text,image levels=off temp=supported
openrouter openai/gpt-4o-mini-2024-07-18 openai-completions ctx=128000 max=16384 $=0.15/0.6/0.075/0 caps=text,image levels=off temp=supported
openrouter openai/gpt-4o-mini:batch openai-completions ctx=128000 max=16384 $=0.075/0.3/0.0375/0 caps=text,image levels=off temp=supported
openrouter openai/gpt-4o:batch openai-completions ctx=128000 max=16384 $=1.25/5/0.625/0 caps=text,image levels=off temp=supported
openrouter openai/gpt-5 openai-completions ctx=400000 max=128000 $=1.25/10/0.125/0 caps=text,image,reasoning levels=minimal,low,medium,high temp=supported temp+reasoning=supported
openrouter openai/gpt-5-mini openai-completions ctx=400000 max=128000 $=0.25/2/0.025/0 caps=text,image,reasoning levels=minimal,low,medium,high temp=supported temp+reasoning=supported
openrouter openai/gpt-5-mini:batch openai-completions ctx=400000 max=128000 $=0.125/1/0.0125/0 caps=text,image,reasoning levels=minimal,low,medium,high temp=supported temp+reasoning=supported
openrouter openai/gpt-5-nano openai-completions ctx=400000 max=128000 $=0.05/0.4/0.005/0 caps=text,image,reasoning levels=minimal,low,medium,high temp=supported temp+reasoning=supported
openrouter openai/gpt-5-nano:batch openai-completions ctx=400000 max=128000 $=0.025/0.2/0.0025/0 caps=text,image,reasoning levels=minimal,low,medium,high temp=supported temp+reasoning=supported
openrouter openai/gpt-5-pro openai-completions ctx=400000 max=128000 $=15/120/0/0 caps=text,image,reasoning levels=high temp=supported temp+reasoning=supported
openrouter openai/gpt-5-pro:batch openai-completions ctx=400000 max=128000 $=7.5/60/0/0 caps=text,image,reasoning levels=high temp=supported temp+reasoning=supported
openrouter openai/gpt-5.1 openai-completions ctx=400000 max=128000 $=1.25/10/0.125/0 caps=text,image,reasoning levels=off,low,medium,high temp=supported temp+reasoning=supported
openrouter openai/gpt-5.1-codex openai-completions ctx=400000 max=128000 $=1.25/10/0.13/0 caps=text,image,reasoning levels=low,medium,high temp=supported temp+reasoning=supported
openrouter openai/gpt-5.1-codex-max openai-completions ctx=400000 max=128000 $=1.25/10/0.125/0 caps=text,image,reasoning levels=low,medium,high,xhigh temp=supported temp+reasoning=supported
openrouter openai/gpt-5.1-codex-mini openai-completions ctx=400000 max=128000 $=0.25/2/0.03/0 caps=text,image,reasoning levels=off,low,medium,high temp=supported temp+reasoning=supported
openrouter openai/gpt-5.1:batch openai-completions ctx=400000 max=128000 $=0.625/5/0.0625/0 caps=text,image,reasoning levels=off,low,medium,high temp=supported temp+reasoning=supported
openrouter openai/gpt-5.2 openai-completions ctx=400000 max=128000 $=1.75/14/0.175/0 caps=text,image,reasoning levels=off,low,medium,high,xhigh temp=supported temp+reasoning=supported
openrouter openai/gpt-5.2-chat openai-completions ctx=128000 max=32000 $=1.75/14/0.175/0 caps=text,image levels=off temp=supported
openrouter openai/gpt-5.2-codex openai-completions ctx=400000 max=128000 $=1.75/14/0.175/0 caps=text,image,reasoning levels=low,medium,high,xhigh temp=supported temp+reasoning=supported
openrouter openai/gpt-5.2-pro openai-completions ctx=400000 max=128000 $=21/168/0/0 caps=text,image,reasoning levels=medium,high,xhigh temp=supported temp+reasoning=supported
openrouter openai/gpt-5.2-pro:batch openai-completions ctx=400000 max=128000 $=10.5/84/0/0 caps=text,image,reasoning levels=medium,high,xhigh temp=supported temp+reasoning=supported
openrouter openai/gpt-5.2:batch openai-completions ctx=400000 max=128000 $=0.875/7/0.0875/0 caps=text,image,reasoning levels=off,low,medium,high,xhigh temp=supported temp+reasoning=supported
openrouter openai/gpt-5.3-codex openai-completions ctx=400000 max=128000 $=1.75/14/0.175/0 caps=text,image,reasoning levels=off,low,medium,high,xhigh temp=supported temp+reasoning=supported
openrouter openai/gpt-5.4 openai-completions ctx=1050000 max=128000 $=2.5/15/0.25/0 caps=text,image,reasoning levels=off,low,medium,high,xhigh temp=supported temp+reasoning=supported
openrouter openai/gpt-5.4-mini openai-completions ctx=400000 max=128000 $=0.75/4.5/0.075/0 caps=text,image,reasoning levels=off,low,medium,high,xhigh temp=supported temp+reasoning=supported
openrouter openai/gpt-5.4-mini:batch openai-completions ctx=400000 max=128000 $=0.375/2.25/0.0375/0 caps=text,image,reasoning levels=off,low,medium,high,xhigh temp=supported temp+reasoning=supported
openrouter openai/gpt-5.4-nano openai-completions ctx=400000 max=128000 $=0.2/1.25/0.02/0 caps=text,image,reasoning levels=off,low,medium,high,xhigh temp=supported temp+reasoning=supported
openrouter openai/gpt-5.4-nano:batch openai-completions ctx=400000 max=128000 $=0.1/0.625/0.01/0 caps=text,image,reasoning levels=off,low,medium,high,xhigh temp=supported temp+reasoning=supported
openrouter openai/gpt-5.4-pro openai-completions ctx=1050000 max=128000 $=30/180/0/0 caps=text,image,reasoning levels=medium,high,xhigh temp=supported temp+reasoning=supported
openrouter openai/gpt-5.4-pro:batch openai-completions ctx=1050000 max=128000 $=15/90/0/0 caps=text,image,reasoning levels=medium,high,xhigh temp=supported temp+reasoning=supported
openrouter openai/gpt-5.4:batch openai-completions ctx=1050000 max=128000 $=1.25/7.5/0.125/0 caps=text,image,reasoning levels=off,low,medium,high,xhigh temp=supported temp+reasoning=supported
openrouter openai/gpt-5.5 openai-completions ctx=1050000 max=128000 $=5/30/0.5/0 caps=text,image,reasoning levels=off,low,medium,high,xhigh temp=supported temp+reasoning=supported
openrouter openai/gpt-5.5-pro openai-completions ctx=1050000 max=128000 $=30/180/0/0 caps=text,image,reasoning levels=medium,high,xhigh temp=supported temp+reasoning=supported
openrouter openai/gpt-5.5-pro:batch openai-completions ctx=1050000 max=128000 $=15/90/0/0 caps=text,image,reasoning levels=medium,high,xhigh temp=supported temp+reasoning=supported
openrouter openai/gpt-5.5:batch openai-completions ctx=1050000 max=128000 $=2.5/15/0.25/0 caps=text,image,reasoning levels=off,low,medium,high,xhigh temp=supported temp+reasoning=supported
openrouter openai/gpt-5.6-luna openai-completions ctx=1050000 max=128000 $=0.2/1.2/0.02/0.25 caps=text,image,reasoning levels=off,low,medium,high,xhigh,max temp=supported temp+reasoning=supported
openrouter openai/gpt-5.6-luna-pro openai-completions ctx=1050000 max=128000 $=0.2/1.2/0.02/0.25 caps=text,image,reasoning levels=off,low,medium,high,xhigh,max temp=supported temp+reasoning=supported
openrouter openai/gpt-5.6-luna-pro:batch openai-completions ctx=1050000 max=128000 $=0.1/0.6/0.01/0 caps=text,image,reasoning levels=off,low,medium,high,xhigh,max temp=supported temp+reasoning=supported
openrouter openai/gpt-5.6-luna:batch openai-completions ctx=1050000 max=128000 $=0.1/0.6/0.01/0 caps=text,image,reasoning levels=off,low,medium,high,xhigh,max temp=supported temp+reasoning=supported
openrouter openai/gpt-5.6-sol openai-completions ctx=1050000 max=128000 $=2/10/0.2/2.5 caps=text,image,reasoning levels=off,low,medium,high,xhigh,max temp=supported temp+reasoning=supported
openrouter openai/gpt-5.6-sol-pro openai-completions ctx=1050000 max=128000 $=2/10/0.2/2.5 caps=text,image,reasoning levels=off,low,medium,high,xhigh,max temp=supported temp+reasoning=supported
openrouter openai/gpt-5.6-sol-pro:batch openai-completions ctx=1050000 max=128000 $=1/5/0.1/1.25 caps=text,image,reasoning levels=off,low,medium,high,xhigh,max temp=supported temp+reasoning=supported
openrouter openai/gpt-5.6-sol:batch openai-completions ctx=1050000 max=128000 $=1/5/0.1/1.25 caps=text,image,reasoning levels=off,low,medium,high,xhigh,max temp=supported temp+reasoning=supported
openrouter openai/gpt-5.6-terra openai-completions ctx=1050000 max=128000 $=2/12/0.2/2.5 caps=text,image,reasoning levels=off,low,medium,high,xhigh,max temp=supported temp+reasoning=supported
openrouter openai/gpt-5.6-terra-pro openai-completions ctx=1050000 max=128000 $=2/12/0.2/2.5 caps=text,image,reasoning levels=off,low,medium,high,xhigh,max temp=supported temp+reasoning=supported
openrouter openai/gpt-5.6-terra-pro:batch openai-completions ctx=1050000 max=128000 $=1/6/0.1/0 caps=text,image,reasoning levels=off,low,medium,high,xhigh,max temp=supported temp+reasoning=supported
openrouter openai/gpt-5.6-terra:batch openai-completions ctx=1050000 max=128000 $=1/6/0.1/0 caps=text,image,reasoning levels=off,low,medium,high,xhigh,max temp=supported temp+reasoning=supported
openrouter openai/gpt-5:batch openai-completions ctx=400000 max=128000 $=0.625/5/0.0625/0 caps=text,image,reasoning levels=minimal,low,medium,high temp=supported temp+reasoning=supported
openrouter openai/gpt-6-astra openai-completions ctx=1050000 max=128000 $=10/50/1/12.5 caps=text,image,reasoning levels=low,medium,high,xhigh,max temp=supported temp+reasoning=supported
openrouter openai/gpt-6-astra-pro openai-completions ctx=1050000 max=128000 $=10/50/1/12.5 caps=text,image,reasoning levels=low,medium,high,xhigh,max temp=supported temp+reasoning=supported
openrouter openai/gpt-6-astra-pro:batch openai-completions ctx=1050000 max=128000 $=5/25/0.5/6.25 caps=text,image,reasoning levels=low,medium,high,xhigh,max temp=supported temp+reasoning=supported
openrouter openai/gpt-6-astra:batch openai-completions ctx=1050000 max=128000 $=5/25/0.5/6.25 caps=text,image,reasoning levels=low,medium,high,xhigh,max temp=supported temp+reasoning=supported
openrouter openai/gpt-audio openai-completions ctx=128000 max=16384 $=2.5/10/0/0 caps=text levels=off temp=supported
openrouter openai/gpt-audio-mini openai-completions ctx=128000 max=16384 $=0.6/2.4/0/0 caps=text levels=off temp=supported
openrouter openai/gpt-chat-latest openai-completions ctx=400000 max=128000 $=5/30/0.5/0 caps=text,image levels=off temp=supported
openrouter openai/gpt-oss-120b openai-completions ctx=131072 max=65536 $=0.15/0.6/0.075/0 caps=text,reasoning levels=low,medium,high temp=supported temp+reasoning=supported
openrouter openai/gpt-oss-120b:batch openai-completions ctx=131072 max=117964 $=0.15/0.6/0/0 caps=text,reasoning levels=low,medium,high temp=supported temp+reasoning=supported
openrouter openai/gpt-oss-20b openai-completions ctx=131072 max=117964 $=0.03/0.13/0.03/0 caps=text,reasoning levels=low,medium,high temp=supported temp+reasoning=supported
openrouter openai/gpt-oss-safeguard-20b openai-completions ctx=131072 max=65536 $=0.075/0.3/0.0375/0 caps=text,reasoning levels=minimal,low,medium,high temp=supported temp+reasoning=supported
openrouter openai/o1 openai-completions ctx=200000 max=100000 $=15/60/7.5/0 caps=text,image,reasoning levels=off,minimal,low,medium,high temp=supported temp+reasoning=supported
openrouter openai/o3 openai-completions ctx=200000 max=100000 $=2/8/0.5/0 caps=text,image,reasoning levels=off,minimal,low,medium,high temp=supported temp+reasoning=supported
openrouter openai/o3-mini openai-completions ctx=200000 max=100000 $=1.1/4.4/0.55/0 caps=text,reasoning levels=off,minimal,low,medium,high temp=supported temp+reasoning=supported
openrouter openai/o3-mini-high openai-completions ctx=200000 max=100000 $=1.1/4.4/0.55/0 caps=text,reasoning levels=high temp=supported temp+reasoning=supported
openrouter openai/o3-mini:batch openai-completions ctx=200000 max=100000 $=0.55/2.2/0.275/0 caps=text,reasoning levels=off,minimal,low,medium,high temp=supported temp+reasoning=supported
openrouter openai/o3-pro openai-completions ctx=200000 max=100000 $=20/80/0/0 caps=text,image,reasoning levels=off,minimal,low,medium,high temp=supported temp+reasoning=supported
openrouter openai/o3:batch openai-completions ctx=200000 max=100000 $=1/4/0.25/0 caps=text,image,reasoning levels=off,minimal,low,medium,high temp=supported temp+reasoning=supported
openrouter openai/o4-mini openai-completions ctx=200000 max=100000 $=1.1/4.4/0.275/0 caps=text,image,reasoning levels=off,minimal,low,medium,high temp=supported temp+reasoning=supported
openrouter openai/o4-mini-high openai-completions ctx=200000 max=100000 $=1.1/4.4/0.275/0 caps=text,image,reasoning levels=high temp=supported temp+reasoning=supported
openrouter openai/o4-mini:batch openai-completions ctx=200000 max=100000 $=0.55/2.2/0.1375/0 caps=text,image,reasoning levels=off,minimal,low,medium,high temp=supported temp+reasoning=supported
openrouter openrouter/auto openai-completions ctx=2000000 max=4096 $=unpriced caps=text,image,reasoning levels=off,minimal,low,medium,high temp=supported temp+reasoning=supported
openrouter openrouter/auto-beta openai-completions ctx=2000000 max=4096 $=unpriced caps=text,image,reasoning levels=off,minimal,low,medium,high temp=supported temp+reasoning=supported
openrouter openrouter/free openai-completions ctx=200000 max=4096 $=unpriced caps=text,image,reasoning levels=off,minimal,low,medium,high temp=supported temp+reasoning=supported
openrouter openrouter/fusion openai-completions ctx=1000000 max=30000 $=unpriced caps=text,reasoning levels=off,minimal,low,medium,high temp=supported temp+reasoning=supported
openrouter poolside/laguna-s-2.1 openai-completions ctx=1048576 max=131072 $=0.09/0.18/0.009/0 caps=text,reasoning levels=off,minimal,low,medium,high temp=supported temp+reasoning=supported
openrouter poolside/laguna-s-2.1:free openai-completions ctx=262144 max=32768 $=0/0/0/0 caps=text,reasoning levels=off,minimal,low,medium,high temp=supported temp+reasoning=supported
openrouter poolside/laguna-xs-2.1 openai-completions ctx=262144 max=32768 $=0.06/0.12/0.03/0 caps=text,reasoning levels=off,minimal,low,medium,high temp=supported temp+reasoning=supported
openrouter poolside/laguna-xs-2.1:free openai-completions ctx=262144 max=32768 $=0/0/0/0 caps=text,reasoning levels=off,minimal,low,medium,high temp=supported temp+reasoning=supported
openrouter prism-ml/ternary-bonsai-2-27b openai-completions ctx=262144 max=32768 $=0.075/0.5/0/0 caps=text,image,reasoning levels=off,medium,xhigh temp=supported temp+reasoning=supported
openrouter qwen/qwen-2.5-72b-instruct openai-completions ctx=32768 max=16384 $=0.36/0.4/0/0 caps=text levels=off temp=supported
openrouter qwen/qwen-2.5-7b-instruct openai-completions ctx=32768 max=29491 $=0.1/0.2/0/0 caps=text levels=off temp=supported
openrouter qwen/qwen-plus openai-completions ctx=1000000 max=32768 $=0.26/0.78/0.052/0.325 caps=text levels=off temp=supported
openrouter qwen/qwen-plus-2025-07-28 openai-completions ctx=1000000 max=32768 $=0.26/0.78/0/0 caps=text levels=off temp=supported
openrouter qwen/qwen3-14b openai-completions ctx=40960 max=16384 $=0.12/0.24/0/0 caps=text,reasoning levels=off,minimal,low,medium,high temp=supported temp+reasoning=supported
openrouter qwen/qwen3-235b-a22b openai-completions ctx=131072 max=8192 $=0.455/1.82/0/0 caps=text,reasoning levels=off,minimal,low,medium,high temp=supported temp+reasoning=supported
openrouter qwen/qwen3-235b-a22b-2507 openai-completions ctx=262144 max=235929 $=0.0875/0.35/0.0175/0 caps=text levels=off temp=supported
openrouter qwen/qwen3-235b-a22b-thinking-2507 openai-completions ctx=131072 max=117964 $=0.23/2.3/0/0 caps=text,reasoning levels=minimal,low,medium,high temp=supported temp+reasoning=supported
openrouter qwen/qwen3-30b-a3b openai-completions ctx=40960 max=16384 $=0.12/0.5/0/0 caps=text,reasoning levels=off,minimal,low,medium,high temp=supported temp+reasoning=supported
openrouter qwen/qwen3-30b-a3b-instruct-2507 openai-completions ctx=128000 max=32000 $=0.04815/0.19305/0/0 caps=text levels=off temp=supported
openrouter qwen/qwen3-30b-a3b-thinking-2507 openai-completions ctx=81920 max=32768 $=0.2/2.4/0/0 caps=text,reasoning levels=minimal,low,medium,high temp=supported temp+reasoning=supported
openrouter qwen/qwen3-32b openai-completions ctx=40960 max=16384 $=0.08/0.28/0/0 caps=text,reasoning levels=off,minimal,low,medium,high temp=supported temp+reasoning=supported
openrouter qwen/qwen3-8b openai-completions ctx=131072 max=8192 $=0.117/0.455/0/0 caps=text,reasoning levels=off,minimal,low,medium,high temp=supported temp+reasoning=supported
openrouter qwen/qwen3-coder openai-completions ctx=262144 max=65536 $=0.3/1/0.1/0 caps=text levels=off temp=supported
openrouter qwen/qwen3-coder-30b-a3b-instruct openai-completions ctx=262144 max=235929 $=0.07/0.28/0/0 caps=text levels=off temp=supported
openrouter qwen/qwen3-coder-flash openai-completions ctx=1000000 max=65536 $=0.195/0.975/0.039/0.24375 caps=text levels=off temp=supported
openrouter qwen/qwen3-coder-next openai-completions ctx=262144 max=235929 $=0.12/0.8/0.07/0 caps=text levels=off temp=supported
openrouter qwen/qwen3-coder-plus openai-completions ctx=1000000 max=65536 $=0.65/3.25/0.13/0.8125 caps=text levels=off temp=supported
openrouter qwen/qwen3-max openai-completions ctx=262144 max=65536 $=0.78/3.9/0.156/0.975 caps=text levels=off temp=supported
openrouter qwen/qwen3-max-thinking openai-completions ctx=262144 max=65536 $=0.78/3.9/0/0 caps=text,reasoning levels=off,minimal,low,medium,high temp=supported temp+reasoning=supported
openrouter qwen/qwen3-next-80b-a3b-instruct openai-completions ctx=262144 max=16384 $=0.09/1.1/0/0 caps=text levels=off temp=supported
openrouter qwen/qwen3-next-80b-a3b-thinking openai-completions ctx=131072 max=32768 $=0.15/1.2/0/0 caps=text,reasoning levels=minimal,low,medium,high temp=supported temp+reasoning=supported
openrouter qwen/qwen3-vl-235b-a22b-instruct openai-completions ctx=131072 max=32768 $=0.21/1.9/0.1/0 caps=text,image levels=off temp=supported
openrouter qwen/qwen3-vl-235b-a22b-thinking openai-completions ctx=131072 max=32768 $=0.4/4/0/0 caps=text,image,reasoning levels=minimal,low,medium,high temp=supported temp+reasoning=supported
openrouter qwen/qwen3-vl-30b-a3b-instruct openai-completions ctx=131072 max=32768 $=0.2/0.7/0/0 caps=text,image levels=off temp=supported
openrouter qwen/qwen3-vl-30b-a3b-thinking openai-completions ctx=131072 max=32768 $=0.2/2.4/0/0 caps=text,image,reasoning levels=minimal,low,medium,high temp=supported temp+reasoning=supported
openrouter qwen/qwen3-vl-32b-instruct openai-completions ctx=131072 max=32768 $=0.104/0.416/0/0 caps=text,image levels=off temp=supported
openrouter qwen/qwen3-vl-8b-instruct openai-completions ctx=131072 max=32768 $=0.117/0.455/0/0 caps=text,image levels=off temp=supported
openrouter qwen/qwen3-vl-8b-thinking openai-completions ctx=131072 max=32768 $=0.18/2.1/0/0 caps=text,image,reasoning levels=minimal,low,medium,high temp=supported temp+reasoning=supported
openrouter qwen/qwen3.5-122b-a10b openai-completions ctx=262144 max=65536 $=0.26/2.08/0/0 caps=text,image,reasoning levels=off,minimal,low,medium,high temp=supported temp+reasoning=supported
openrouter qwen/qwen3.5-27b openai-completions ctx=262144 max=65536 $=0.195/1.56/0/0 caps=text,image,reasoning levels=off,minimal,low,medium,high temp=supported temp+reasoning=supported
openrouter qwen/qwen3.5-35b-a3b openai-completions ctx=256000 max=16384 $=0.3125/1.25/0.15625/0 caps=text,image,reasoning levels=off,minimal,low,medium,high temp=supported temp+reasoning=supported
openrouter qwen/qwen3.5-397b-a17b openai-completions ctx=262144 max=235929 $=0.55/3.5/0.225/0 caps=text,image,reasoning levels=off,minimal,low,medium,high temp=supported temp+reasoning=supported
openrouter qwen/qwen3.5-9b openai-completions ctx=256000 max=32768 $=0.1/0.15/0/0 caps=text,image,reasoning levels=off,minimal,low,medium,high temp=supported temp+reasoning=supported
openrouter qwen/qwen3.5-9b:batch openai-completions ctx=262144 max=235929 $=0.17/0.25/0/0 caps=text,image,reasoning levels=off,minimal,low,medium,high temp=supported temp+reasoning=supported
openrouter qwen/qwen3.5-flash-02-23 openai-completions ctx=1000000 max=65536 $=0.065/0.26/0/0 caps=text,image,reasoning levels=off,minimal,low,medium,high temp=supported temp+reasoning=supported
openrouter qwen/qwen3.5-plus-02-15 openai-completions ctx=1000000 max=65536 $=0.26/1.56/0/0 caps=text,image,reasoning levels=off,minimal,low,medium,high temp=supported temp+reasoning=supported
openrouter qwen/qwen3.5-plus-20260420 openai-completions ctx=1000000 max=65536 $=0.3/1.8/0/0.375 caps=text,image,reasoning levels=off,minimal,low,medium,high temp=supported temp+reasoning=supported
openrouter qwen/qwen3.6-27b openai-completions ctx=262144 max=65536 $=0.3/2/0.03/0 caps=text,image,reasoning levels=off,minimal,low,medium,high temp=supported temp+reasoning=supported
openrouter qwen/qwen3.6-35b-a3b openai-completions ctx=262144 max=235929 $=0.1/0.9/0.05/0 caps=text,image,reasoning levels=off,minimal,low,medium,high temp=supported temp+reasoning=supported
openrouter qwen/qwen3.6-flash openai-completions ctx=1000000 max=65536 $=0.1875/1.125/0/0.234375 caps=text,image,reasoning levels=off,minimal,low,medium,high temp=supported temp+reasoning=supported
openrouter qwen/qwen3.6-max-preview openai-completions ctx=262144 max=65536 $=1.027/6.162/0/1.28375 caps=text,reasoning levels=off,minimal,low,medium,high temp=supported temp+reasoning=supported
openrouter qwen/qwen3.6-plus openai-completions ctx=1000000 max=65536 $=0.325/1.95/0/0.40625 caps=text,image,reasoning levels=off,minimal,low,medium,high temp=supported temp+reasoning=supported
openrouter qwen/qwen3.7-flash openai-completions ctx=1000000 max=65536 $=0.03/0.13/0.006/0.038 caps=text,image,reasoning levels=off,minimal,low,medium,high temp=supported temp+reasoning=supported
openrouter qwen/qwen3.7-max openai-completions ctx=1000000 max=131072 $=1.475/4.425/0.295/1.84375 caps=text,reasoning levels=off,minimal,low,medium,high temp=supported temp+reasoning=supported
openrouter qwen/qwen3.7-plus openai-completions ctx=1000000 max=131072 $=0.32/1.28/0.064/0.4 caps=text,image,reasoning levels=off,minimal,low,medium,high temp=supported temp+reasoning=supported
openrouter qwen/qwen3.8-2.4t-a95b openai-completions ctx=1000000 max=131072 $=2/6/0.25/0 caps=text,reasoning levels=low,medium,xhigh temp=supported temp+reasoning=supported
openrouter qwen/qwen3.8-2.4t-a95b:batch openai-completions ctx=1010000 max=909000 $=2/6/0.25/0 caps=text,reasoning levels=low,medium,xhigh temp=supported temp+reasoning=supported
openrouter qwen/qwen3.8-27b openai-completions ctx=1000000 max=131072 $=0.42/3/0.085/0 caps=text,image,reasoning levels=off,low,medium,xhigh temp=supported temp+reasoning=supported
openrouter qwen/qwen3.8-27b:free openai-completions ctx=262144 max=235929 $=0/0/0/0 caps=text,image,reasoning levels=off,low,medium,xhigh temp=supported temp+reasoning=supported
openrouter qwen/qwen3.8-flash openai-completions ctx=1000000 max=131072 $=0.15/0.47/0.016/0.2 caps=text,image,reasoning levels=off,minimal,low,medium,high temp=supported temp+reasoning=supported
openrouter qwen/qwen3.8-max-0902 openai-completions ctx=1000000 max=131072 $=2/6/0.25/2.5 caps=text,image,reasoning levels=minimal,low,medium,high,xhigh temp=supported temp+reasoning=supported
openrouter rekaai/reka-edge openai-completions ctx=16384 max=14745 $=0.1/0.1/0/0 caps=text,image levels=off temp=supported
openrouter relace/relace-search openai-completions ctx=256000 max=128000 $=1/3/0/0 caps=text levels=off temp=supported
openrouter sakana/fugu-max openai-completions ctx=1000000 max=128000 $=2/6/0.25/0 caps=text,image,reasoning levels=high,xhigh,max temp=supported temp+reasoning=supported
openrouter sakana/fugu-ultra openai-completions ctx=1000000 max=128000 $=5/30/0.5/0 caps=text,image,reasoning levels=high,xhigh,max temp=supported temp+reasoning=supported
openrouter sakana/fugu-ultra-v2 openai-completions ctx=1000000 max=128000 $=5/30/0.5/0 caps=text,image,reasoning levels=high,xhigh,max temp=supported temp+reasoning=supported
openrouter sakana/sakana-namazu openai-completions ctx=262144 max=65536 $=0.95/4/0.15/0 caps=text,image,reasoning levels=off,high temp=supported temp+reasoning=supported
openrouter sao10k/l3.1-euryale-70b openai-completions ctx=131072 max=16384 $=0.85/0.85/0/0 caps=text levels=off temp=supported
openrouter stepfun/step-3.5-flash openai-completions ctx=262144 max=65536 $=0.1/0.3/0/0 caps=text,reasoning levels=minimal,low,medium,high temp=supported temp+reasoning=supported
openrouter stepfun/step-3.7-flash openai-completions ctx=256000 max=230400 $=0.2/1.15/0.04/0 caps=text,image,reasoning levels=low,medium,high temp=supported temp+reasoning=supported
openrouter tencent/hy3 openai-completions ctx=262144 max=128000 $=0.132/0.528/0.033/0 caps=text,reasoning levels=off,low,high temp=supported temp+reasoning=supported
openrouter tencent/hy3-preview openai-completions ctx=262144 max=235929 $=0.18/0.6/0.06/0 caps=text,reasoning levels=off,low,high temp=supported temp+reasoning=supported
openrouter tencent/hy4-preview openai-completions ctx=1048576 max=64000 $=0.834/2.501/0.042/0 caps=text,reasoning levels=off,low,high temp=supported temp+reasoning=supported
openrouter thinkingmachines/inkling openai-completions ctx=524288 max=471859 $=1/4.05/0.17/0 caps=text,image,reasoning levels=off,minimal,low,medium,high,max temp=supported temp+reasoning=supported
openrouter thinkingmachines/inkling-small openai-completions ctx=524288 max=262144 $=0.45/1.2/0.1/0 caps=text,image,reasoning levels=off,minimal,low,medium,high,max temp=supported temp+reasoning=supported
openrouter thinkingmachines/inkling-small:free openai-completions ctx=1048576 max=262144 $=0/0/0/0 caps=text,image,reasoning levels=off,minimal,low,medium,high,max temp=supported temp+reasoning=supported
openrouter thinkingmachines/inkling:batch openai-completions ctx=524288 max=471859 $=1/4.05/0.17/0 caps=text,image,reasoning levels=off,minimal,low,medium,high,max temp=supported temp+reasoning=supported
openrouter thinkingmachines/inkling:free openai-completions ctx=1048576 max=262144 $=0/0/0/0 caps=text,image,reasoning levels=off,minimal,low,medium,high,max temp=supported temp+reasoning=supported
openrouter unbiased/pareto openai-completions ctx=262144 max=131072 $=2.5/7.5/0.25/0 caps=text,image levels=off temp=supported
openrouter upstage/solar-pro-3 openai-completions ctx=131072 max=117964 $=0.15/0.6/0.015/0 caps=text,reasoning levels=off,minimal,low,medium,high temp=supported temp+reasoning=supported
openrouter upstage/solar-pro4 openai-completions ctx=524288 max=131072 $=0.09/0.36/0.018/0 caps=text,reasoning levels=off,minimal,low,medium,high,xhigh,max temp=supported temp+reasoning=supported
openrouter x-ai/grok-4.20 openai-completions ctx=2000000 max=1800000 $=1.25/2.5/0.2/0 caps=text,image,reasoning levels=off,minimal,low,medium,high temp=supported temp+reasoning=supported
openrouter x-ai/grok-4.3 openai-completions ctx=1000000 max=900000 $=1.25/2.5/0.2/0 caps=text,image,reasoning levels=off,low,medium,high temp=supported temp+reasoning=supported
openrouter x-ai/grok-4.3:batch openai-completions ctx=1000000 max=900000 $=1/2/0.16/0 caps=text,image,reasoning levels=off,low,medium,high temp=supported temp+reasoning=supported
openrouter x-ai/grok-4.5 openai-completions ctx=500000 max=450000 $=2/6/0.3/0 caps=text,image,reasoning levels=low,medium,high temp=supported temp+reasoning=supported
openrouter x-ai/grok-4.6 openai-completions ctx=500000 max=450000 $=2/6/0.5/0 caps=text,image,reasoning levels=low,medium,high,xhigh temp=supported temp+reasoning=supported
openrouter x-ai/grok-build-0.1 openai-completions ctx=256000 max=230400 $=1/2/0.2/0 caps=text,image,reasoning levels=minimal,low,medium,high temp=supported temp+reasoning=supported
openrouter xiaomi/mimo-v2.5 openai-completions ctx=1048576 max=131072 $=0.14/0.28/0.0028/0 caps=text,image,reasoning levels=off,minimal,low,medium,high temp=supported temp+reasoning=supported
openrouter xiaomi/mimo-v2.5-pro openai-completions ctx=1048576 max=131072 $=0.435/0.87/0.0036/0 caps=text,reasoning levels=off,minimal,low,medium,high temp=supported temp+reasoning=supported
openrouter z-ai/glm-4.5 openai-completions ctx=131072 max=98304 $=0.6/2.2/0.11/0 caps=text,reasoning levels=off,minimal,low,medium,high temp=supported temp+reasoning=supported
openrouter z-ai/glm-4.5-air openai-completions ctx=131072 max=98304 $=0.13/0.85/0.025/0 caps=text,reasoning levels=off,minimal,low,medium,high temp=supported temp+reasoning=supported
openrouter z-ai/glm-4.5v openai-completions ctx=65536 max=16384 $=0.6/1.8/0.11/0 caps=text,image,reasoning levels=off,minimal,low,medium,high temp=supported temp+reasoning=supported
openrouter z-ai/glm-4.6 openai-completions ctx=198000 max=16384 $=0.43/1.75/0.08/0 caps=text,reasoning levels=off,minimal,low,medium,high temp=supported temp+reasoning=supported
openrouter z-ai/glm-4.6v openai-completions ctx=131072 max=32768 $=0.3/0.9/0.055/0 caps=text,image,reasoning levels=off,minimal,low,medium,high temp=supported temp+reasoning=supported
openrouter z-ai/glm-4.7 openai-completions ctx=202752 max=131072 $=0.4/1.75/0.08/0 caps=text,reasoning levels=off,minimal,low,medium,high temp=supported temp+reasoning=supported
openrouter z-ai/glm-4.7-flash openai-completions ctx=131072 max=117964 $=0.0605/0.4/0/0 caps=text,reasoning levels=off,minimal,low,medium,high temp=supported temp+reasoning=supported
openrouter z-ai/glm-5 openai-completions ctx=198000 max=128000 $=0.6/1.9/0.119/0 caps=text,reasoning levels=off,minimal,low,medium,high temp=supported temp+reasoning=supported
openrouter z-ai/glm-5-turbo openai-completions ctx=202752 max=131072 $=1.2/4/0.24/0 caps=text,reasoning levels=off,minimal,low,medium,high temp=supported temp+reasoning=supported
openrouter z-ai/glm-5.1 openai-completions ctx=200000 max=128000 $=0.966/3.036/0.1794/0 caps=text,reasoning levels=off,minimal,low,medium,high temp=supported temp+reasoning=supported
openrouter z-ai/glm-5.2 openai-completions ctx=1048576 max=131072 $=0.6496/2.0416/0.12064/0 caps=text,reasoning levels=off,high,xhigh temp=supported temp+reasoning=supported
openrouter z-ai/glm-5.2:batch openai-completions ctx=1048576 max=943718 $=0.7/2.2/0.07/0 caps=text,reasoning levels=off,high,xhigh temp=supported temp+reasoning=supported
openrouter z-ai/glm-5.3 openai-completions ctx=1048576 max=131072 $=0.896/2.816/0.1664/0 caps=text,reasoning levels=low,high,max temp=supported temp+reasoning=supported
openrouter z-ai/glm-5.3-flash openai-completions ctx=1048576 max=131072 $=0.09/0.3/0.018/0 caps=text,image,reasoning levels=low,high,max temp=supported temp+reasoning=supported
openrouter z-ai/glm-5.3-flash:batch openai-completions ctx=1048576 max=943718 $=0.075/0.25/0.015/0 caps=text,image,reasoning levels=low,high,max temp=supported temp+reasoning=supported
openrouter z-ai/glm-5.3-flashx openai-completions ctx=1048576 max=131072 $=0.37/1.25/0.075/0 caps=text,image,reasoning levels=low,high,max temp=supported temp+reasoning=supported
openrouter z-ai/glm-5.3:batch openai-completions ctx=1048576 max=943718 $=0.7/2.2/0.13/0 caps=text,reasoning levels=low,high,max temp=supported temp+reasoning=supported
openrouter z-ai/glm-5v-turbo openai-completions ctx=202752 max=131072 $=1.2/4/0.24/0 caps=text,image,reasoning levels=off,minimal,low,medium,high temp=supported temp+reasoning=supported
openrouter ~anthropic/claude-fable-latest openai-completions ctx=1000000 max=128000 $=10/50/0.25/12.5 caps=text,image,reasoning levels=low,medium,high,xhigh,max temp=supported temp+reasoning=supported
openrouter ~anthropic/claude-haiku-latest openai-completions ctx=200000 max=64000 $=1/5/0.1/1.25 caps=text,image,reasoning levels=off,minimal,low,medium,high temp=supported temp+reasoning=supported
openrouter ~anthropic/claude-opus-latest openai-completions ctx=1000000 max=128000 $=5/25/0.5/6.25 caps=text,image,reasoning levels=off,low,medium,high,xhigh,max temp=supported temp+reasoning=supported
openrouter ~anthropic/claude-sonnet-latest openai-completions ctx=1000000 max=128000 $=2/10/0.2/2.5 caps=text,image,reasoning levels=off,low,medium,high,xhigh,max temp=supported temp+reasoning=supported
openrouter ~deepseek/deepseek-flash-latest openai-completions ctx=1048576 max=943718 $=0.13/0.52/0.0026/0 caps=text,image,reasoning levels=off,low,high,max temp=supported temp+reasoning=supported
openrouter ~deepseek/deepseek-pro-latest openai-completions ctx=1024000 max=384000 $=0.56364/1.69092/0.018788/0 caps=text,reasoning levels=off,low,high,max temp=supported temp+reasoning=supported
openrouter ~deepseek/deepseek-v4-flash-latest openai-completions ctx=1048576 max=943718 $=0.04/0.08/0.016/0 caps=text,reasoning levels=off,low,high,max temp=supported temp+reasoning=supported
openrouter ~google/gemini-flash-latest openai-completions ctx=1048576 max=65536 $=0.75/3.75/0.075/0.041667 caps=text,image,reasoning levels=low,medium,high temp=supported temp+reasoning=supported
openrouter ~google/gemini-pro-latest openai-completions ctx=1048576 max=65536 $=2/12/0.2/0.375 caps=text,image,reasoning levels=low,medium,high temp=supported temp+reasoning=supported
openrouter ~moonshotai/kimi-latest openai-completions ctx=1048576 max=131072 $=1.7/8.5/0.17/0 caps=text,image,reasoning levels=off,low,high,max temp=supported temp+reasoning=supported
openrouter ~openai/gpt-astra-latest openai-completions ctx=1050000 max=128000 $=10/50/1/12.5 caps=text,image,reasoning levels=low,medium,high,xhigh,max temp=supported temp+reasoning=supported
openrouter ~openai/gpt-luna-latest openai-completions ctx=1050000 max=128000 $=0.2/1.2/0.02/0.25 caps=text,image,reasoning levels=off,low,medium,high,xhigh,max temp=supported temp+reasoning=supported
openrouter ~openai/gpt-mini-latest openai-completions ctx=400000 max=128000 $=0.75/4.5/0.075/0 caps=text,image,reasoning levels=off,low,medium,high,xhigh temp=supported temp+reasoning=supported
openrouter ~openai/gpt-sol-latest openai-completions ctx=1050000 max=128000 $=2/10/0.2/2.5 caps=text,image,reasoning levels=off,low,medium,high,xhigh,max temp=supported temp+reasoning=supported
openrouter ~openai/gpt-terra-latest openai-completions ctx=1050000 max=128000 $=2/12/0.2/2.5 caps=text,image,reasoning levels=off,low,medium,high,xhigh,max temp=supported temp+reasoning=supported
openrouter ~x-ai/grok-latest openai-completions ctx=500000 max=450000 $=2/6/0.5/0 caps=text,image,reasoning levels=low,medium,high,xhigh temp=supported temp+reasoning=supported
openrouter ~z-ai/glm-flash-latest openai-completions ctx=1048576 max=943718 $=0.075/0.25/0.015/0 caps=text,image,reasoning levels=low,high,max temp=supported temp+reasoning=supported
openrouter ~z-ai/glm-latest openai-completions ctx=1048576 max=131072 $=0.8442/2.6532/0.15678/0 caps=text,reasoning levels=low,high,max temp=supported temp+reasoning=supported
together-ai MiniMaxAI/MiniMax-M2.7 openai-completions ctx=202752 max=131072 $=0.3/1.2/0.06/0 caps=text,reasoning levels=high temp=supported temp+reasoning=supported
together-ai MiniMaxAI/MiniMax-M3 openai-completions ctx=524288 max=250000 $=0.3/1.2/0.06/0 caps=text,image,reasoning levels=off,high temp=supported temp+reasoning=supported
together-ai Qwen/Qwen2.5-7B-Instruct-Turbo openai-completions ctx=32768 max=- $=0.3/0.3/0/0 caps=text levels=off temp=supported
together-ai Qwen/Qwen3.5-9B openai-completions ctx=262144 max=65536 $=0.17/0.25/0/0 caps=text,image,reasoning levels=off,high temp=supported temp+reasoning=supported
together-ai Qwen/Qwen3.6-Plus openai-completions ctx=1000000 max=500000 $=0.5/3/0/0 caps=text,reasoning levels=off,high temp=supported temp+reasoning=supported
together-ai Qwen/Qwen3.7-Max openai-completions ctx=1000000 max=500000 $=1.25/3.75/0.125/0 caps=text levels=off temp=supported
together-ai deepseek-ai/DeepSeek-V4-Flash-0731 openai-completions ctx=1000000 max=384000 $=0.14/0.28/0.03/0 caps=text,reasoning levels=off,high temp=supported temp+reasoning=supported
together-ai deepseek-ai/DeepSeek-V4-Pro openai-completions ctx=512000 max=384000 $=1.74/3.48/0.2/0 caps=text,reasoning levels=off,high temp=supported temp+reasoning=supported
together-ai deepseek-ai/DeepSeek-V4-Pro-0813 openai-completions ctx=1048576 max=384000 $=1.32/3.96/0.13/0 caps=text,reasoning levels=off,high temp=supported temp+reasoning=supported
together-ai deepseek-ai/DeepSeek-V4.1-Flash openai-completions ctx=1048576 max=384000 $=0.3/1.2/0.006/0 caps=text,image,reasoning levels=off,high temp=supported temp+reasoning=supported featured
together-ai google/gemma-4-31B-it openai-completions ctx=262144 max=131072 $=0.39/0.97/0/0 caps=text,image,reasoning levels=off,high temp=supported temp+reasoning=supported
together-ai meta-llama/Llama-3.3-70B-Instruct-Turbo openai-completions ctx=131072 max=- $=1.04/1.04/0/0 caps=text levels=off temp=supported
together-ai moonshotai/Kimi-K2.6 openai-completions ctx=262144 max=131000 $=1.2/4.5/0.2/0 caps=text,image,reasoning levels=off,high temp=supported temp+reasoning=supported
together-ai moonshotai/Kimi-K2.7-Code openai-completions ctx=262144 max=131072 $=0.95/4/0.19/0 caps=text,reasoning levels=off,high temp=supported temp+reasoning=supported
together-ai moonshotai/Kimi-K3 openai-completions ctx=1048576 max=131072 $=3/15/0.3/0 caps=text,image,reasoning levels=off,high temp=supported temp+reasoning=supported
together-ai nvidia/nemotron-3-ultra-550b-a55b openai-completions ctx=512300 max=- $=0.6/3.6/0.2/0 caps=text,reasoning levels=off,high temp=supported temp+reasoning=supported
together-ai openai/gpt-oss-120b openai-completions ctx=131072 max=- $=0.15/0.6/0/0 caps=text,reasoning levels=low,medium,high temp=supported temp+reasoning=supported
together-ai openai/gpt-oss-20b openai-completions ctx=131072 max=- $=0.05/0.2/0/0 caps=text,reasoning levels=low,medium,high temp=supported temp+reasoning=supported
together-ai thinkingmachines/Inkling openai-completions ctx=524288 max=131072 $=1/4.05/0.17/0 caps=text,image,reasoning levels=off,high temp=supported temp+reasoning=supported
together-ai zai-org/GLM-5.2 openai-completions ctx=512000 max=164000 $=1.4/4.4/0.26/0 caps=text,reasoning levels=off,high temp=supported temp+reasoning=supported
together-ai zai-org/GLM-5.3 openai-completions ctx=1048576 max=262144 $=1.4/4.4/0.26/0 caps=text,reasoning levels=off,high temp=supported temp+reasoning=supported featured
together-ai zai-org/GLM-5.3-Flash openai-completions ctx=1048575 max=400000 $=0.15/0.5/0.03/0 caps=text,image,reasoning levels=off,high temp=supported temp+reasoning=supported featured
xai grok-4.3 openai-responses ctx=1000000 max=30000 $=1.25/2.5/0.2/0 caps=text,image,reasoning levels=off,low,medium,high temp=unsupported featured
xai grok-4.5 openai-responses ctx=500000 max=- $=2/6/0.3/0 caps=text,image,reasoning levels=low,medium,high temp=unsupported featured
xai grok-4.6 openai-responses ctx=500000 max=- $=2/6/0.5/0 caps=text,image,reasoning levels=low,medium,high,xhigh temp=unsupported featured
zai glm-4.7 openai-completions ctx=204800 max=131072 $=0.6/2.2/0.11/0 caps=text,reasoning levels=off,minimal,low,medium,high temp=supported temp+reasoning=supported
zai glm-5-turbo openai-completions ctx=200000 max=131072 $=1.2/4/0.24/0 caps=text,reasoning levels=off,minimal,low,medium,high temp=supported temp+reasoning=supported
zai glm-5.2 openai-completions ctx=1000000 max=131072 $=1.4/4.4/0.26/0 caps=text,reasoning levels=off,high,max temp=supported temp+reasoning=supported featured
zai glm-5.2-highspeed openai-completions ctx=1000000 max=131072 $=unpriced caps=text,reasoning levels=off,high,max temp=supported temp+reasoning=supported
zai glm-5.3 openai-completions ctx=1000000 max=131072 $=1.4/4.4/0.26/0 caps=text,reasoning levels=low,high,max temp=supported temp+reasoning=supported featured
zai glm-5.3-flash openai-completions ctx=1000000 max=131072 $=0.15/0.5/0.03/0 caps=text,image,reasoning levels=low,high,max temp=supported temp+reasoning=supported featured
zai glm-5.3-highspeed openai-completions ctx=1000000 max=131072 $=unpriced caps=text,reasoning levels=low,high,max temp=supported temp+reasoning=supported
opencode-go deepseek-v4-flash openai-completions ctx=1000000 max=384000 $=0.15/0.6/0.003/0 caps=text,reasoning levels=off,low,high,max temp=supported temp+reasoning=supported featured
opencode-go deepseek-v4-flash-vision-exp openai-completions ctx=1000000 max=384000 $=0.15/0.6/0.003/0 caps=text,image,reasoning levels=off,low,high,max temp=supported temp+reasoning=supported
opencode-go deepseek-v4-pro openai-completions ctx=1000000 max=384000 $=0.66/1.98/0.022/0 caps=text,reasoning levels=off,high,max temp=supported temp+reasoning=supported featured
opencode-go deepseek-v4.1-flash openai-completions ctx=1000000 max=384000 $=0.15/0.6/0.003/0 caps=text,image,reasoning levels=low,high,max temp=supported temp+reasoning=supported
opencode-go glm-5.1 openai-completions ctx=202752 max=32768 $=1.4/4.4/0.26/0 caps=text,reasoning levels=off,minimal,low,medium,high temp=supported temp+reasoning=supported featured
opencode-go glm-5.2 openai-completions ctx=1000000 max=131072 $=1.4/4.4/0.26/0 caps=text,reasoning levels=high,max temp=supported temp+reasoning=supported featured
opencode-go glm-5.3 openai-completions ctx=1000000 max=131072 $=1.4/4.4/0.26/0 caps=text,reasoning levels=low,high,max temp=supported temp+reasoning=supported
opencode-go glm-5.3-flash openai-completions ctx=1000000 max=131072 $=0.15/0.5/0.03/0 caps=text,image,reasoning levels=low,high,max temp=supported temp+reasoning=supported
opencode-go hy3 openai-completions ctx=256000 max=128000 $=0.14/0.58/0.035/0 caps=text,reasoning levels=off,low,high temp=supported temp+reasoning=supported
opencode-go hy4-preview openai-completions ctx=1024000 max=64000 $=0.834/2.501/0.042/0 caps=text,reasoning levels=off,high temp=supported temp+reasoning=supported
opencode-go kimi-k2.6 openai-completions ctx=262144 max=65536 $=0.95/4/0.16/0 caps=text,image,reasoning levels=off,high temp=supported temp+reasoning=supported featured
opencode-go kimi-k2.7-code openai-completions ctx=262144 max=- $=0.95/4/0.19/0 caps=text,image,reasoning levels=off,minimal,low,medium,high temp=supported temp+reasoning=supported featured
opencode-go kimi-k3 openai-completions ctx=1048576 max=131072 $=3/15/0.3/0 caps=text,image,reasoning levels=max temp=supported temp+reasoning=supported
opencode-go longcat-2.0 openai-completions ctx=1000000 max=131072 $=0.3/1.2/0.006/0 caps=text,reasoning levels=off,minimal,low,medium,high temp=supported temp+reasoning=supported
opencode-go mimo-v2.5 openai-completions ctx=1000000 max=128000 $=0.14/0.28/0.0028/0 caps=text,image,reasoning levels=off,minimal,low,medium,high temp=supported temp+reasoning=supported featured
opencode-go mimo-v2.5-pro openai-completions ctx=1048576 max=128000 $=0.435/0.87/0.003625/0 caps=text,reasoning levels=off,minimal,low,medium,high temp=supported temp+reasoning=supported featured
opencode-go minimax-m2.7 openai-completions ctx=204800 max=131072 $=0.3/1.2/0.06/0 caps=text,reasoning levels=off,minimal,low,medium,high temp=supported temp+reasoning=supported featured
opencode-go qwen3.6-plus openai-completions ctx=1000000 max=65536 $=0.5/3/0.05/0.625 caps=text,image,reasoning levels=off,minimal,low,medium,high temp=supported temp+reasoning=supported featured
opencode-go qwen3.7-max openai-completions ctx=1000000 max=65536 $=2.5/7.5/0.5/3.125 caps=text,reasoning levels=off,minimal,low,medium,high temp=supported temp+reasoning=supported featured
opencode-go qwen3.7-plus openai-completions ctx=1000000 max=65536 $=0.4/1.6/0.04/0.5 caps=text,image,reasoning levels=off,minimal,low,medium,high temp=supported temp+reasoning=supported featured
opencode-go qwen3.8-max openai-completions ctx=1000000 max=131072 $=2/6/0.25/2.5 caps=text,image,reasoning levels=low,medium,xhigh temp=supported temp+reasoning=supported
codex gpt-5.3-codex-spark openai-codex-responses ctx=128000 max=- $=1.75/14/0.175/0 caps=text,reasoning levels=off,minimal,low,medium,high,xhigh temp=unsupported
codex gpt-5.5 openai-codex-responses ctx=272000 max=128000 $=5/30/0.5/0 >272000:10/45/1/0 caps=text,image,reasoning levels=off,minimal,low,medium,high,xhigh temp=unsupported
codex gpt-5.6-luna openai-codex-responses ctx=272000 max=128000 $=0.2/1.2/0.02/0.25 >272000:0.4/1.8/0.04/0.5 caps=text,image,reasoning levels=off,minimal,low,medium,high,xhigh,max temp=unsupported featured
codex gpt-5.6-sol openai-codex-responses ctx=272000 max=128000 $=5/30/0.5/6.25 >272000:10/45/1/12.5 caps=text,image,reasoning levels=off,minimal,low,medium,high,xhigh,max temp=unsupported featured
codex gpt-5.6-terra openai-codex-responses ctx=272000 max=128000 $=2/12/0.2/2.5 >272000:4/18/0.4/5 caps=text,image,reasoning levels=off,minimal,low,medium,high,xhigh,max temp=unsupported featured
codex gpt-6-astra openai-codex-responses ctx=272000 max=128000 $=10/50/1/12.5 >272000:20/75/2/25 caps=text,image,reasoning levels=minimal,low,medium,high,xhigh,max temp=unsupported
claude-code claude-fable-5 anthropic-messages ctx=1000000 max=128000 $=10/50/1/12.5 caps=text,image,reasoning levels=minimal,low,medium,high,xhigh,max temp=supported temp+reasoning=unsupported adaptive
claude-code claude-fable-5-1 anthropic-messages ctx=1000000 max=128000 $=10/50/0.25/12.5 caps=text,image,reasoning levels=minimal,low,medium,high,xhigh,max temp=unsupported adaptive featured
claude-code claude-haiku-4-5 anthropic-messages ctx=200000 max=64000 $=1/5/0.1/1.25 caps=text,image,reasoning levels=off,minimal,low,medium,high temp=supported temp+reasoning=unsupported featured
claude-code claude-haiku-4-5-20251001 anthropic-messages ctx=200000 max=64000 $=1/5/0.1/1.25 caps=text,image,reasoning levels=off,minimal,low,medium,high temp=supported temp+reasoning=unsupported
claude-code claude-opus-4-5 anthropic-messages ctx=200000 max=64000 $=5/25/0.5/6.25 caps=text,image,reasoning levels=off,minimal,low,medium,high temp=supported temp+reasoning=unsupported
claude-code claude-opus-4-5-20251101 anthropic-messages ctx=200000 max=64000 $=5/25/0.5/6.25 caps=text,image,reasoning levels=off,minimal,low,medium,high temp=supported temp+reasoning=unsupported
claude-code claude-opus-4-6 anthropic-messages ctx=1000000 max=128000 $=5/25/0.5/6.25 caps=text,image,reasoning levels=off,minimal,low,medium,high,max temp=supported temp+reasoning=unsupported adaptive
claude-code claude-opus-4-7 anthropic-messages ctx=1000000 max=128000 $=5/25/0.5/6.25 caps=text,image,reasoning levels=off,minimal,low,medium,high,xhigh,max temp=unsupported adaptive
claude-code claude-opus-4-8 anthropic-messages ctx=1000000 max=128000 $=5/25/0.5/6.25 caps=text,image,reasoning levels=off,minimal,low,medium,high,xhigh,max temp=unsupported adaptive
claude-code claude-opus-5 anthropic-messages ctx=1000000 max=128000 $=5/25/0.5/6.25 caps=text,image,reasoning levels=minimal,low,medium,high,xhigh,max temp=unsupported adaptive featured
claude-code claude-sonnet-4-5 anthropic-messages ctx=1000000 max=64000 $=3/15/0.3/3.75 caps=text,image,reasoning levels=off,minimal,low,medium,high temp=supported temp+reasoning=unsupported
claude-code claude-sonnet-4-5-20250929 anthropic-messages ctx=1000000 max=64000 $=3/15/0.3/3.75 caps=text,image,reasoning levels=off,minimal,low,medium,high temp=supported temp+reasoning=unsupported
claude-code claude-sonnet-4-6 anthropic-messages ctx=1000000 max=128000 $=3/15/0.3/3.75 caps=text,image,reasoning levels=off,minimal,low,medium,high,max temp=supported temp+reasoning=unsupported adaptive
claude-code claude-sonnet-5 anthropic-messages ctx=1000000 max=128000 $=2/10/0.2/2.5 caps=text,image,reasoning levels=off,minimal,low,medium,high,xhigh,max temp=supported temp+reasoning=unsupported adaptive featured"
`;
